$ turbo run check-types
• turbo 2.10.8

   • Packages in scope: @crm/action-registry, @crm/agent-action-runtime, @crm/auth, @crm/db, @crm/env, @crm/integration-runtime, @crm/migration-core, @crm/migration-runtime, @crm/pipeline-core, @crm/pipeline-runtime, @crm/security-core, @crm/telemetry, @crm/typescript-config, @crm/ui, @crm/validation, agent, api, app
   • Running check-types in 18 packages
   • Remote caching disabled

@crm/env:check-types: cache miss, executing 9d3ff0575e05e88b
app:typegen: cache miss, executing a01297063e0ff726
@crm/db:build: cache miss, executing 8bbeaf73850b93e8
@crm/env:check-types: $ tsc --noEmit
app:typegen: $ next typegen
@crm/db:build: $ prisma generate
app:typegen: Generating route types...
app:typegen: ✓ Types generated successfully
@crm/db:build: Loaded Prisma config from prisma.config.ts.
@crm/db:build: 
@crm/db:build: Prisma schema loaded from prisma\schema.prisma.
@crm/db:build: 
@crm/db:build: ✔ Generated Prisma Client (7.9.1) to .\src\generated\prisma in 542ms
@crm/db:build: 
@crm/db:check-types: cache miss, executing cb40108125667d0b
@crm/telemetry:check-types: cache miss, executing 3e97ad8d82792c54
@crm/validation:check-types: cache miss, executing b0875c5171b750b6
@crm/auth:check-types: cache miss, executing a6306edef0528f01
api:build: cache miss, executing f0d364b880594f4e
api:trpc:generate: cache miss, executing dc63f325b92baa3d
agent:check-types: cache miss, executing 50cfc2fd2a718111
@crm/ui:check-types: cache miss, executing 39a55519e25c9039
@crm/db:check-types: $ tsc --noEmit
@crm/telemetry:check-types: $ tsc --noEmit
@crm/validation:check-types: $ tsc --noEmit
@crm/auth:check-types: $ tsc --noEmit
api:build: $ bun build src/main.ts --target=bun --outdir dist --packages=external --sourcemap
api:trpc:generate: $ nestjs-trpc generate -e src/app.module.ts -r "**/*.router.ts" -o src/generated
api:build: Bundled 206 modules in 204ms
api:build: 
api:build:   main.js      0.83 MB  (entry point)
api:build:   main.js.map  1.47 MB  (source map)
api:build: 
agent:check-types: $ tsc --noEmit
@crm/ui:check-types: $ tsc --noEmit
app:check-types: cache miss, executing 780d67d4a6d54472
app:check-types: $ tsc --noEmit
api:trpc:generate: ✓ Generated server.ts successfully!
api:trpc:generate: 
api:trpc:generate:   Output:     C:\Users\sam4k\Downloads\AgenrCRM_OS\crm-release\apps\api\src/generated\server.ts
api:trpc:generate:   Routers:    24
api:trpc:generate:   Procedures: 185
api:trpc:generate: 
api:check-types: cache miss, executing c92526fb0cac9400
api:check-types: $ tsc --noEmit

 Tasks:    13 successful, 13 total
Cached:    0 cached, 13 total
  Time:    40.201s 

