TAP version 13
# Subtest: approved native request traverses real governed executor once, then receipt completes continuation
ok 1 - approved native request traverses real governed executor once, then receipt completes continuation
  ---
  duration_ms: 163.653633
  type: 'test'
  ...
# Subtest: lost native acknowledgement is reconciled from actual runtime receipt without another HTTP request
ok 2 - lost native acknowledgement is reconciled from actual runtime receipt without another HTTP request
  ---
  duration_ms: 63.021076
  type: 'test'
  ...
1..2
# tests 2
# suites 0
# pass 2
# fail 0
# cancelled 0
# skipped 0
# todo 0
# duration_ms 756.438152
