TAP version 13
# Subtest: CSV: auto-detection works beyond the 30-row sampling boundary
ok 1 - CSV: auto-detection works beyond the 30-row sampling boundary
  ---
  duration_ms: 3.913166
  type: 'test'
  ...
# Subtest: CSV: rejects text or a second quoted string after a closing quote
ok 2 - CSV: rejects text or a second quoted string after a closing quote
  ---
  duration_ms: 0.970237
  type: 'test'
  ...
# Subtest: CSV: single-column imports are valid without explicit delimiter selection
ok 3 - CSV: single-column imports are valid without explicit delimiter selection
  ---
  duration_ms: 0.758516
  type: 'test'
  ...
# Subtest: CSV: formula escaping includes line breaks and Unicode whitespace
ok 4 - CSV: formula escaping includes line breaks and Unicode whitespace
  ---
  duration_ms: 0.446256
  type: 'test'
  ...
# Subtest: CSV: limits cannot be disabled by NaN or Infinity
ok 5 - CSV: limits cannot be disabled by NaN or Infinity
  ---
  duration_ms: 0.193635
  type: 'test'
  ...
# Subtest: CSV: source row numbers survive blank and multiline records
ok 6 - CSV: source row numbers survive blank and multiline records
  ---
  duration_ms: 1.672601
  type: 'test'
  ...
# Subtest: CSV: format detection rejects backslash paths and control characters on every OS
ok 7 - CSV: format detection rejects backslash paths and control characters on every OS
  ---
  duration_ms: 0.500396
  type: 'test'
  ...
# Subtest: rejects inherited targets instead of resolving Object.prototype
ok 8 - rejects inherited targets instead of resolving Object.prototype
  ---
  duration_ms: 1.216991
  type: 'test'
  ...
# Subtest: rejects prototype transformer names
ok 9 - rejects prototype transformer names
  ---
  duration_ms: 1.014432
  type: 'test'
  ...
# Subtest: rejects duplicate and blank headers without choosing an arbitrary column
ok 10 - rejects duplicate and blank headers without choosing an arbitrary column
  ---
  duration_ms: 0.148669
  type: 'test'
  ...
# Subtest: compiled defaults are immutable snapshots, not caller-owned objects
ok 11 - compiled defaults are immutable snapshots, not caller-owned objects
  ---
  duration_ms: 0.296486
  type: 'test'
  ...
# Subtest: accessor field definitions are rejected without invoking them
ok 12 - accessor field definitions are rejected without invoking them
  ---
  duration_ms: 0.199323
  type: 'test'
  ...
# Subtest: rejects object defaults and unsafe reserved destination fields
ok 13 - rejects object defaults and unsafe reserved destination fields
  ---
  duration_ms: 0.157742
  type: 'test'
  ...
# Subtest: rejects non-cell values rather than executing coercion hooks
ok 14 - rejects non-cell values rather than executing coercion hooks
  ---
  duration_ms: 0.191972
  type: 'test'
  ...
# Subtest: rejects unsupported entity types before creating an executable migration plan
ok 15 - rejects unsupported entity types before creating an executable migration plan
  ---
  duration_ms: 0.357035
  type: 'test'
  ...
# Subtest: parses RFC4180 quoted commas, newlines, and escaped quotes
ok 16 - parses RFC4180 quoted commas, newlines, and escaped quotes
  ---
  duration_ms: 3.171446
  type: 'test'
  ...
# Subtest: detects a semicolon delimiter
ok 17 - detects a semicolon delimiter
  ---
  duration_ms: 0.500546
  type: 'test'
  ...
# Subtest: removes UTF-8 BOM from the first header
ok 18 - removes UTF-8 BOM from the first header
  ---
  duration_ms: 0.155429
  type: 'test'
  ...
# Subtest: rejects an unclosed quote
ok 19 - rejects an unclosed quote
  ---
  duration_ms: 0.518383
  type: 'test'
  ...
# Subtest: rejects duplicate normalized headers
ok 20 - rejects duplicate normalized headers
  ---
  duration_ms: 0.238942
  type: 'test'
  ...
# Subtest: enforces row limits
ok 21 - enforces row limits
  ---
  duration_ms: 0.205322
  type: 'test'
  ...
# Subtest: neutralizes spreadsheet formulas in exported reports
ok 22 - neutralizes spreadsheet formulas in exported reports
  ---
  duration_ms: 0.334031
  type: 'test'
  ...
# Subtest: serializes error reports with formula protection
ok 23 - serializes error reports with formula protection
  ---
  duration_ms: 0.341983
  type: 'test'
  ...
# Subtest: parses money deterministically in minor units
ok 24 - parses money deterministically in minor units
  ---
  duration_ms: 0.675764
  type: 'test'
  ...
# Subtest: normalizes Uzbekistan phone numbers
ok 25 - normalizes Uzbekistan phone numbers
  ---
  duration_ms: 0.524291
  type: 'test'
  ...
# Subtest: validates extension, MIME, and XLSX ZIP signature
ok 26 - validates extension, MIME, and XLSX ZIP signature
  ---
  duration_ms: 0.531872
  type: 'test'
  ...
# Subtest: compiles deterministic mappings and validates required fields
ok 27 - compiles deterministic mappings and validates required fields
  ---
  duration_ms: 0.709534
  type: 'test'
  ...
# Subtest: creates deterministic dry-run batches and duplicate issues
ok 28 - creates deterministic dry-run batches and duplicate issues
  ---
  duration_ms: 1.98515
  type: 'test'
  ...
# Subtest: marks existing-record matches as warnings without silently dropping the row
ok 29 - marks existing-record matches as warnings without silently dropping the row
  ---
  duration_ms: 0.383084
  type: 'test'
  ...
1..29
# tests 29
# suites 0
# pass 29
# fail 0
# cancelled 0
# skipped 0
# todo 0
# duration_ms 86.630537
