TAP version 13
# Subtest: canonical hashing rejects accessor properties without invoking them
not ok 1 - canonical hashing rejects accessor properties without invoking them
  ---
  duration_ms: 1.144563
  type: 'test'
  location: '/mnt/data/tayvero_work/crm-release/packages/agent-action-runtime/test/payload-bounds.test.mjs:7:1'
  failureType: 'testCodeFailure'
  error: 'Missing expected exception.'
  code: 'ERR_ASSERTION'
  name: 'AssertionError'
  stack: |-
    assertCode (file:///mnt/data/tayvero_work/crm-release/packages/agent-action-runtime/test/payload-bounds.test.mjs:6:37)
    TestContext.<anonymous> (file:///mnt/data/tayvero_work/crm-release/packages/agent-action-runtime/test/payload-bounds.test.mjs:7:191)
    Test.runInAsyncScope (node:async_hooks:214:14)
    Test.run (node:internal/test_runner/test:1047:25)
    Test.start (node:internal/test_runner/test:944:17)
    startSubtestAfterBootstrap (node:internal/test_runner/harness:296:17)
  ...
# Subtest: rejects sparse arrays so absent elements cannot alias explicit null
not ok 2 - rejects sparse arrays so absent elements cannot alias explicit null
  ---
  duration_ms: 0.15002
  type: 'test'
  location: '/mnt/data/tayvero_work/crm-release/packages/agent-action-runtime/test/payload-bounds.test.mjs:8:1'
  failureType: 'testCodeFailure'
  error: 'Missing expected exception.'
  code: 'ERR_ASSERTION'
  name: 'AssertionError'
  stack: |-
    assertCode (file:///mnt/data/tayvero_work/crm-release/packages/agent-action-runtime/test/payload-bounds.test.mjs:6:37)
    TestContext.<anonymous> (file:///mnt/data/tayvero_work/crm-release/packages/agent-action-runtime/test/payload-bounds.test.mjs:8:80)
    Test.runInAsyncScope (node:async_hooks:214:14)
    Test.run (node:internal/test_runner/test:1047:25)
    Test.processPendingSubtests (node:internal/test_runner/test:744:18)
    Test.postRun (node:internal/test_runner/test:1173:19)
    Test.run (node:internal/test_runner/test:1101:12)
    async startSubtestAfterBootstrap (node:internal/test_runner/harness:296:3)
  ...
# Subtest: rejects over-depth inputs with a bounded domain error rather than stack overflow
not ok 3 - rejects over-depth inputs with a bounded domain error rather than stack overflow
  ---
  duration_ms: 2.919333
  type: 'test'
  location: '/mnt/data/tayvero_work/crm-release/packages/agent-action-runtime/test/payload-bounds.test.mjs:9:1'
  failureType: 'testCodeFailure'
  error: 'Missing expected exception.'
  code: 'ERR_ASSERTION'
  name: 'AssertionError'
  stack: |-
    assertCode (file:///mnt/data/tayvero_work/crm-release/packages/agent-action-runtime/test/payload-bounds.test.mjs:6:37)
    TestContext.<anonymous> (file:///mnt/data/tayvero_work/crm-release/packages/agent-action-runtime/test/payload-bounds.test.mjs:9:150)
    Test.runInAsyncScope (node:async_hooks:214:14)
    Test.run (node:internal/test_runner/test:1047:25)
    Test.processPendingSubtests (node:internal/test_runner/test:744:18)
    Test.postRun (node:internal/test_runner/test:1173:19)
    Test.run (node:internal/test_runner/test:1101:12)
    async Test.processPendingSubtests (node:internal/test_runner/test:744:7)
  ...
# Subtest: rejects oversized strings and excessive node counts
not ok 4 - rejects oversized strings and excessive node counts
  ---
  duration_ms: 4.12177
  type: 'test'
  location: '/mnt/data/tayvero_work/crm-release/packages/agent-action-runtime/test/payload-bounds.test.mjs:10:1'
  failureType: 'testCodeFailure'
  error: 'Missing expected exception.'
  code: 'ERR_ASSERTION'
  name: 'AssertionError'
  stack: |-
    assertCode (file:///mnt/data/tayvero_work/crm-release/packages/agent-action-runtime/test/payload-bounds.test.mjs:6:37)
    TestContext.<anonymous> (file:///mnt/data/tayvero_work/crm-release/packages/agent-action-runtime/test/payload-bounds.test.mjs:10:65)
    Test.runInAsyncScope (node:async_hooks:214:14)
    Test.run (node:internal/test_runner/test:1047:25)
    Test.processPendingSubtests (node:internal/test_runner/test:744:18)
    Test.postRun (node:internal/test_runner/test:1173:19)
    Test.run (node:internal/test_runner/test:1101:12)
    async Test.processPendingSubtests (node:internal/test_runner/test:744:7)
  ...
# Subtest: input snapshot rejects a getter before execution
not ok 5 - input snapshot rejects a getter before execution
  ---
  duration_ms: 3.470032
  type: 'test'
  location: '/mnt/data/tayvero_work/crm-release/packages/agent-action-runtime/test/payload-bounds.test.mjs:11:1'
  failureType: 'testCodeFailure'
  error: 'Missing expected rejection.'
  code: 'ERR_ASSERTION'
  name: 'AssertionError'
  stack: |-
    async TestContext.<anonymous> (file:///mnt/data/tayvero_work/crm-release/packages/agent-action-runtime/test/payload-bounds.test.mjs:11:196)
    async Test.run (node:internal/test_runner/test:1054:7)
    async Test.processPendingSubtests (node:internal/test_runner/test:744:7)
  ...
# Subtest: normal JSON digests remain stable and object undefined fields stay omitted
ok 6 - normal JSON digests remain stable and object undefined fields stay omitted
  ---
  duration_ms: 0.192442
  type: 'test'
  ...
1..6
# tests 6
# suites 0
# pass 1
# fail 5
# cancelled 0
# skipped 0
# todo 0
# duration_ms 67.899994
