TAP version 13
# Subtest: receipt store atomically acquires, completes and replays
ok 1 - receipt store atomically acquires, completes and replays
  ---
  duration_ms: 2.556412
  type: 'test'
  ...
# Subtest: receipt rejects same key with another digest
ok 2 - receipt rejects same key with another digest
  ---
  duration_ms: 0.630377
  type: 'test'
  ...
# Subtest: receipt completion requires the acquired lease token
ok 3 - receipt completion requires the acquired lease token
  ---
  duration_ms: 0.907736
  type: 'test'
  ...
# Subtest: approval consumption is tenant, action, digest and expiry bound
ok 4 - approval consumption is tenant, action, digest and expiry bound
  ---
  duration_ms: 0.446777
  type: 'test'
  ...
# Subtest: audit sink redacts secret-bearing properties
ok 5 - audit sink redacts secret-bearing properties
  ---
  duration_ms: 0.928897
  type: 'test'
  ...
# Subtest: expired unsafe receipt is quarantined instead of repeating an unknown external side effect
not ok 6 - expired unsafe receipt is quarantined instead of repeating an unknown external side effect
  ---
  duration_ms: 0.817133
  type: 'test'
  location: '/mnt/data/tayvero_work/crm-release/packages/agent-action-runtime/test/prisma-stores.test.mjs:26:1'
  failureType: 'testCodeFailure'
  error: 'Missing expected rejection.'
  code: 'ERR_ASSERTION'
  name: 'AssertionError'
  stack: |-
    async TestContext.<anonymous> (file:///mnt/data/tayvero_work/crm-release/packages/agent-action-runtime/test/prisma-stores.test.mjs:30:3)
    async Test.run (node:internal/test_runner/test:1054:7)
    async Test.processPendingSubtests (node:internal/test_runner/test:744:7)
  ...
# Subtest: expired receipt may replay only with an explicit safe adapter capability
ok 7 - expired receipt may replay only with an explicit safe adapter capability
  ---
  duration_ms: 0.514758
  type: 'test'
  ...
# Subtest: receipt lease covers the complete declared execution/retry budget
not ok 8 - receipt lease covers the complete declared execution/retry budget
  ---
  duration_ms: 0.732518
  type: 'test'
  location: '/mnt/data/tayvero_work/crm-release/packages/agent-action-runtime/test/prisma-stores.test.mjs:43:1'
  failureType: 'testCodeFailure'
  error: |-
    Expected values to be strictly equal:
    + actual - expected
    
    + 'ACQUIRED'
    - 'IN_PROGRESS'
    
  code: 'ERR_ASSERTION'
  name: 'AssertionError'
  expected: 'IN_PROGRESS'
  actual: 'ACQUIRED'
  operator: 'strictEqual'
  stack: |-
    TestContext.<anonymous> (file:///mnt/data/tayvero_work/crm-release/packages/agent-action-runtime/test/prisma-stores.test.mjs:47:10)
    async Test.run (node:internal/test_runner/test:1054:7)
    async Test.processPendingSubtests (node:internal/test_runner/test:744:7)
  ...
# Subtest: memory reference adapter quarantines expired unsafe execution too
not ok 9 - memory reference adapter quarantines expired unsafe execution too
  ---
  duration_ms: 1.545784
  type: 'test'
  location: '/mnt/data/tayvero_work/crm-release/packages/agent-action-runtime/test/receipt-recovery.test.mjs:4:1'
  failureType: 'testCodeFailure'
  error: 'Missing expected rejection.'
  code: 'ERR_ASSERTION'
  name: 'AssertionError'
  stack: |-
    async TestContext.<anonymous> (file:///mnt/data/tayvero_work/crm-release/packages/agent-action-runtime/test/receipt-recovery.test.mjs:7:3)
    async Test.run (node:internal/test_runner/test:1054:7)
    async startSubtestAfterBootstrap (node:internal/test_runner/harness:296:3)
  ...
1..9
# tests 9
# suites 0
# pass 6
# fail 3
# cancelled 0
# skipped 0
# todo 0
# duration_ms 72.088979
