Mon Sep 14 10:18:40 UTC 2026

Runtime binaries
/opt/nvm/versions/node/v22.16.0/bin/node

Registry DNS/probe
  % Total    % Received % Xferd  Average Speed   Time    Time     Time  Current
                                 Dload  Upload   Total   Spent    Left  Speed
  0     0    0     0    0     0      0      0 --:--:-- --:--:-- --:--:--     0  0     0    0     0    0     0      0      0 --:--:--  0:00:01 --:--:--     0  0     0    0     0    0     0      0      0 --:--:--  0:00:02 --:--:--     0  0     0    0     0    0     0      0      0 --:--:--  0:00:03 --:--:--     0  0     0    0     0    0     0      0      0 --:--:--  0:00:04 --:--:--     0  0     0    0     0    0     0      0      0 --:--:--  0:00:05 --:--:--     0curl: (6) Could not resolve host: registry.npmjs.org

Global tools
@fortawesome
@types
autoprefixer
corepack
fontkit
http-server
image-size
linebreak
mathjax-full
npm
postcss
pptxgenjs
prismjs
sharp
skia-canvas
tailwindcss
ts-node
typescript
