TAP version 13
# Subtest: dual-write defaults off and accepts only explicit strict mode
ok 1 - dual-write defaults off and accepts only explicit strict mode
  ---
  duration_ms: 1.6988
  type: 'test'
  ...
# Subtest: plans assignment creation for a backfilled mapping target
ok 2 - plans assignment creation for a backfilled mapping target
  ---
  duration_ms: 2.572
  type: 'test'
  ...
# Subtest: is idempotent when legacy and sidecar stages already agree
ok 3 - is idempotent when legacy and sidecar stages already agree
  ---
  duration_ms: 0.686
  type: 'test'
  ...
# Subtest: plans optimistic assignment update when stages drift
ok 4 - plans optimistic assignment update when stages drift
  ---
  duration_ms: 0.2538
  type: 'test'
  ...
# Subtest: fails closed for missing mapping, non-default mapping or semantic mismatch
ok 5 - fails closed for missing mapping, non-default mapping or semantic mismatch
  ---
  duration_ms: 0.3222
  type: 'test'
  ...
# Subtest: unexpected server errors never expose raw diagnostic messages
ok 6 - unexpected server errors never expose raw diagnostic messages
  ---
  duration_ms: 1.0366
  type: 'test'
  ...
# Subtest: expected validation guidance remains useful but bounded and single-line
ok 7 - expected validation guidance remains useful but bounded and single-line
  ---
  duration_ms: 1.2575
  type: 'test'
  ...
# Subtest: misclassified internal or credential diagnostics are masked
ok 8 - misclassified internal or credential diagnostics are masked
  ---
  duration_ms: 0.3344
  type: 'test'
  ...
# Subtest: default draft is complete and valid
ok 9 - default draft is complete and valid
  ---
  duration_ms: 4.2503
  type: 'test'
  ...
# Subtest: renaming a stage key updates transition references
ok 10 - renaming a stage key updates transition references
  ---
  duration_ms: 0.6119
  type: 'test'
  ...
# Subtest: terminal and open stage probabilities remain deterministic
ok 11 - terminal and open stage probabilities remain deterministic
  ---
  duration_ms: 0.2208
  type: 'test'
  ...
# Subtest: reordering and removal keep contiguous positions and remove dangling transitions
ok 12 - reordering and removal keep contiguous positions and remove dangling transitions
  ---
  duration_ms: 0.4571
  type: 'test'
  ...
# Subtest: create mutation excludes server-owned identity and preserves default intent
ok 13 - create mutation excludes server-owned identity and preserves default intent
  ---
  duration_ms: 0.5507
  type: 'test'
  ...
# Subtest: update mutation preserves optimistic version and existing stage identity
ok 14 - update mutation preserves optimistic version and existing stage identity
  ---
  duration_ms: 0.5652
  type: 'test'
  ...
# Subtest: validation rejects malformed probabilities, colors, positions and transitions
ok 15 - validation rejects malformed probabilities, colors, positions and transitions
  ---
  duration_ms: 0.3799
  type: 'test'
  ...
# Subtest: mutation conversion refuses invalid drafts and idempotency keys
ok 16 - mutation conversion refuses invalid drafts and idempotency keys
  ---
  duration_ms: 0.6964
  type: 'test'
  ...
# Subtest: registers immutable typed action entries without exposing a direct execution path
ok 17 - registers immutable typed action entries without exposing a direct execution path
  ---
  duration_ms: 2.5707
  type: 'test'
  ...
# Subtest: normalizes legacy risk and idempotency vocabulary into the governed runtime contract
ok 18 - normalizes legacy risk and idempotency vocabulary into the governed runtime contract
  ---
  duration_ms: 0.574
  type: 'test'
  ...
# Subtest: converts JSON schemas into runtime validators
ok 19 - converts JSON schemas into runtime validators
  ---
  duration_ms: 2.0424
  type: 'test'
  ...
# Subtest: defensively snapshots schemas, metadata, permissions and retry configuration
ok 20 - defensively snapshots schemas, metadata, permissions and retry configuration
  ---
  duration_ms: 0.4284
  type: 'test'
  ...
# Subtest: rejects duplicate action identifiers
ok 21 - rejects duplicate action identifiers
  ---
  duration_ms: 0.326
  type: 'test'
  ...
# Subtest: rejects execution-state options because execution belongs to the governed runtime
ok 22 - rejects execution-state options because execution belongs to the governed runtime
  ---
  duration_ms: 0.2583
  type: 'test'
  ...
# Subtest: rejects a mutating manifest without idempotency
ok 23 - rejects a mutating manifest without idempotency
  ---
  duration_ms: 0.1981
  type: 'test'
  ...
# Subtest: rejects manifests without explicit permissions
ok 24 - rejects manifests without explicit permissions
  ---
  duration_ms: 0.1852
  type: 'test'
  ...
# Subtest: rejects unsafe retry policies for mutating actions
ok 25 - rejects unsafe retry policies for mutating actions
  ---
  duration_ms: 1.7161
  type: 'test'
  ...
# Subtest: rejects non-integer and non-finite retry configuration
ok 26 - rejects non-integer and non-finite retry configuration
  ---
  duration_ms: 0.8566
  type: 'test'
  ...
# Subtest: registerMany accepts tuple and entry forms and returns stable sorted manifests
ok 27 - registerMany accepts tuple and entry forms and returns stable sorted manifests
  ---
  duration_ms: 43.362
  type: 'test'
  ...
# Subtest: requires own properties instead of inherited prototype properties
ok 28 - requires own properties instead of inherited prototype properties
  ---
  duration_ms: 0.5927
  type: 'test'
  ...
# Subtest: rejects unsafe JSON-schema and metadata object keys
ok 29 - rejects unsafe JSON-schema and metadata object keys
  ---
  duration_ms: 0.3659
  type: 'test'
  ...
# Subtest: executes a validated authorized action and records redacted audit events
ok 30 - executes a validated authorized action and records redacted audit events
  ---
  duration_ms: 6.6122
  type: 'test'
  ...
# Subtest: rejects tenant ownership fields at any nesting depth
ok 31 - rejects tenant ownership fields at any nesting depth
  ---
  duration_ms: 0.7319
  type: 'test'
  ...
# Subtest: rejects missing permissions and object-level authorization
ok 32 - rejects missing permissions and object-level authorization
  ---
  duration_ms: 0.5295
  type: 'test'
  ...
# Subtest: replays a completed idempotent result without executing again
ok 33 - replays a completed idempotent result without executing again
  ---
  duration_ms: 1.8901
  type: 'test'
  ...
# Subtest: rejects reuse of an idempotency key for another payload
ok 34 - rejects reuse of an idempotency key for another payload
  ---
  duration_ms: 1.2248
  type: 'test'
  ...
# Subtest: rejects changed payload after an approval failure acquired the same idempotency key
ok 35 - rejects changed payload after an approval failure acquired the same idempotency key
  ---
  duration_ms: 0.9142
  type: 'test'
  ...
# Subtest: allows only one concurrent execution for the same receipt
ok 36 - allows only one concurrent execution for the same receipt
  ---
  duration_ms: 8.6388
  type: 'test'
  ...
# Subtest: requires payload-bound tenant-bound approval for high-risk actions
ok 37 - requires payload-bound tenant-bound approval for high-risk actions
  ---
  duration_ms: 29.6727
  type: 'test'
  ...
# Subtest: rejects approval bound to another tenant or modified payload
ok 38 - rejects approval bound to another tenant or modified payload
  ---
  duration_ms: 1.0687
  type: 'test'
  ...
# Subtest: times out a non-cooperative executor and records failure
ok 39 - times out a non-cooperative executor and records failure
  ---
  duration_ms: 44.4676
  type: 'test'
  ...
# Subtest: propagates cancellation and does not retry it
ok 40 - propagates cancellation and does not retry it
  ---
  duration_ms: 1.3397
  type: 'test'
  ...
# Subtest: keeps the success receipt when the success audit write fails
ok 41 - keeps the success receipt when the success audit write fails
  ---
  duration_ms: 3.1508
  type: 'test'
  ...
# Subtest: propagates the operation digest and idempotency key to the executor
ok 42 - propagates the operation digest and idempotency key to the executor
  ---
  duration_ms: 0.5136
  type: 'test'
  ...
# Subtest: validates untrusted model input and executor output
ok 43 - validates untrusted model input and executor output
  ---
  duration_ms: 0.5845
  type: 'test'
  ...
# Subtest: rejects mutating manifests without idempotency
ok 44 - rejects mutating manifests without idempotency
  ---
  duration_ms: 0.2067
  type: 'test'
  ...
# Subtest: rejects manifests without explicit permissions
ok 45 - rejects manifests without explicit permissions
  ---
  duration_ms: 0.171
  type: 'test'
  ...
# Subtest: rejects non-integer, non-finite and unsafe retry policies
ok 46 - rejects non-integer, non-finite and unsafe retry policies
  ---
  duration_ms: 0.6346
  type: 'test'
  ...
# Subtest: passes an immutable permission snapshot to validators, policy and executor
ok 47 - passes an immutable permission snapshot to validators, policy and executor
  ---
  duration_ms: 0.6044
  type: 'test'
  ...
# Subtest: passes immutable validated input to business validation and authorization
ok 48 - passes immutable validated input to business validation and authorization
  ---
  duration_ms: 1.239
  type: 'test'
  ...
# Subtest: rejects invalid clock values before durable state mutation
ok 49 - rejects invalid clock values before durable state mutation
  ---
  duration_ms: 0.7795
  type: 'test'
  ...
# Subtest: rejects plain object registries that could expose prototype-backed actions
ok 50 - rejects plain object registries that could expose prototype-backed actions
  ---
  duration_ms: 0.2152
  type: 'test'
  ...
# Subtest: invalid approval expiry is rejected instead of being treated as non-expiring
ok 51 - invalid approval expiry is rejected instead of being treated as non-expiring
  ---
  duration_ms: 0.3816
  type: 'test'
  ...
# Subtest: rejects unknown request and execution-option control fields
ok 52 - rejects unknown request and execution-option control fields
  ---
  duration_ms: 0.3166
  type: 'test'
  ...
# Subtest: requires both input and output validators even for a custom registry implementation
ok 53 - requires both input and output validators even for a custom registry implementation
  ---
  duration_ms: 0.3892
  type: 'test'
  ...
# Subtest: normalizes failures from business validation, authorization and policy evaluation
ok 54 - normalizes failures from business validation, authorization and policy evaluation
  ---
  duration_ms: 0.6505
  type: 'test'
  ...
# Subtest: redacts common secret values even when the property name is generic
ok 55 - redacts common secret values even when the property name is generic
  ---
  duration_ms: 0.6282
  type: 'test'
  ...
# Subtest: memory receipt store validates its lease configuration and fails closed on lost leases
ok 56 - memory receipt store validates its lease configuration and fails closed on lost leases
  ---
  duration_ms: 0.2758
  type: 'test'
  ...
# Subtest: a pre-aborted request does not acquire a receipt, consume approval or call an executor
ok 57 - a pre-aborted request does not acquire a receipt, consume approval or call an executor
  ---
  duration_ms: 0.4329
  type: 'test'
  ...
# Subtest: canonical JSON rejects cyclic arrays and unsafe object keys
ok 58 - canonical JSON rejects cyclic arrays and unsafe object keys
  ---
  duration_ms: 0.2986
  type: 'test'
  ...
# Subtest: audit redaction stores unsafe property names without invoking prototype setters
ok 59 - audit redaction stores unsafe property names without invoking prototype setters
  ---
  duration_ms: 0.1452
  type: 'test'
  ...
# Subtest: rejects malformed trusted correlation identifiers
ok 60 - rejects malformed trusted correlation identifiers
  ---
  duration_ms: 1.1636
  type: 'test'
  ...
# Subtest: fails closed when policy approval metadata is malformed
ok 61 - fails closed when policy approval metadata is malformed
  ---
  duration_ms: 0.2523
  type: 'test'
  ...
# Subtest: rejects non-plain request objects without invoking custom serialization hooks
ok 62 - rejects non-plain request objects without invoking custom serialization hooks
  ---
  duration_ms: 0.2779
  type: 'test'
  ...
# Subtest: revalidates validator-transformed input for tenant ownership fields
ok 63 - revalidates validator-transformed input for tenant ownership fields
  ---
  duration_ms: 0.2304
  type: 'test'
  ...
# Subtest: preflight shares authorization but only requests consent: no receipt, consumption or side effects
ok 64 - preflight shares authorization but only requests consent: no receipt, consumption or side effects
  ---
  duration_ms: 0.7117
  type: 'test'
  ...
# Subtest: preflight cannot grant authority, skip policy or silently use missing approval persistence
ok 65 - preflight cannot grant authority, skip policy or silently use missing approval persistence
  ---
  duration_ms: 0.6288
  type: 'test'
  ...
# Subtest: canonical hashing rejects accessor properties without invoking them
ok 66 - canonical hashing rejects accessor properties without invoking them
  ---
  duration_ms: 1.797
  type: 'test'
  ...
# Subtest: rejects sparse arrays so absent elements cannot alias explicit null
ok 67 - rejects sparse arrays so absent elements cannot alias explicit null
  ---
  duration_ms: 1.2698
  type: 'test'
  ...
# Subtest: rejects over-depth inputs with a bounded domain error rather than stack overflow
ok 68 - rejects over-depth inputs with a bounded domain error rather than stack overflow
  ---
  duration_ms: 0.8903
  type: 'test'
  ...
# Subtest: rejects oversized strings and excessive node counts
ok 69 - rejects oversized strings and excessive node counts
  ---
  duration_ms: 16.3923
  type: 'test'
  ...
# Subtest: input snapshot rejects a getter before execution
ok 70 - input snapshot rejects a getter before execution
  ---
  duration_ms: 21.4805
  type: 'test'
  ...
# Subtest: normal JSON digests remain stable and object undefined fields stay omitted
ok 71 - normal JSON digests remain stable and object undefined fields stay omitted
  ---
  duration_ms: 1.0716
  type: 'test'
  ...
# Subtest: unknown actions default to denial
ok 72 - unknown actions default to denial
  ---
  duration_ms: 1.4022
  type: 'test'
  ...
# Subtest: exact ALLOW rule permits only already-authorized low-risk action
ok 73 - exact ALLOW rule permits only already-authorized low-risk action
  ---
  duration_ms: 0.7698
  type: 'test'
  ...
# Subtest: high and critical risks cannot be downgraded by an ALLOW rule
ok 74 - high and critical risks cannot be downgraded by an ALLOW rule
  ---
  duration_ms: 0.3436
  type: 'test'
  ...
# Subtest: read-only overrides allow and approval for mutating actions
ok 75 - read-only overrides allow and approval for mutating actions
  ---
  duration_ms: 0.7181
  type: 'test'
  ...
# Subtest: explicit REQUIRE_APPROVAL is honored for low-risk actions
ok 76 - explicit REQUIRE_APPROVAL is honored for low-risk actions
  ---
  duration_ms: 0.6213
  type: 'test'
  ...
# Subtest: malformed rules, wildcards and getters are rejected without execution
ok 77 - malformed rules, wildcards and getters are rejected without execution
  ---
  duration_ms: 23.4008
  type: 'test'
  ...
# Subtest: malformed risk never becomes an implicitly allowed action
ok 78 - malformed risk never becomes an implicitly allowed action
  ---
  duration_ms: 1.0824
  type: 'test'
  ...
# Subtest: model-supplied policy fields have no authority
ok 79 - model-supplied policy fields have no authority
  ---
  duration_ms: 0.2044
  type: 'test'
  ...
# Subtest: receipt store atomically acquires, completes and replays
ok 80 - receipt store atomically acquires, completes and replays
  ---
  duration_ms: 4.7561
  type: 'test'
  ...
# Subtest: receipt rejects same key with another digest
ok 81 - receipt rejects same key with another digest
  ---
  duration_ms: 1.6746
  type: 'test'
  ...
# Subtest: receipt completion requires the acquired lease token
ok 82 - receipt completion requires the acquired lease token
  ---
  duration_ms: 0.8117
  type: 'test'
  ...
# Subtest: approval consumption is tenant, action, digest and expiry bound
ok 83 - approval consumption is tenant, action, digest and expiry bound
  ---
  duration_ms: 0.5565
  type: 'test'
  ...
# Subtest: audit sink redacts secret-bearing properties
ok 84 - audit sink redacts secret-bearing properties
  ---
  duration_ms: 2.6867
  type: 'test'
  ...
# Subtest: expired unsafe receipt is quarantined instead of repeating an unknown external side effect
ok 85 - expired unsafe receipt is quarantined instead of repeating an unknown external side effect
  ---
  duration_ms: 0.7494
  type: 'test'
  ...
# Subtest: expired receipt may replay only with an explicit safe adapter capability
ok 86 - expired receipt may replay only with an explicit safe adapter capability
  ---
  duration_ms: 1.1135
  type: 'test'
  ...
# Subtest: receipt lease covers the complete declared execution/retry budget
ok 87 - receipt lease covers the complete declared execution/retry budget
  ---
  duration_ms: 0.4388
  type: 'test'
  ...
# Subtest: memory reference adapter quarantines expired unsafe execution too
ok 88 - memory reference adapter quarantines expired unsafe execution too
  ---
  duration_ms: 2.5991
  type: 'test'
  ...
# Subtest: blocks private, loopback, link-local, metadata, documentation and multicast IP ranges
ok 89 - blocks private, loopback, link-local, metadata, documentation and multicast IP ranges
  ---
  duration_ms: 9.1673
  type: 'test'
  ...
# Subtest: rejects URL credentials and DNS rebinding to a private address
ok 90 - rejects URL credentials and DNS rebinding to a private address
  ---
  duration_ms: 2.5609
  type: 'test'
  ...
# Subtest: enforces connector host allowlists
ok 91 - enforces connector host allowlists
  ---
  duration_ms: 0.9095
  type: 'test'
  ...
# Subtest: executes a pinned bounded request and parses JSON
ok 92 - executes a pinned bounded request and parses JSON
  ---
  duration_ms: 58.2229
  type: 'test'
  ...
# Subtest: rejects mutation retry without idempotency
ok 93 - rejects mutation retry without idempotency
  ---
  duration_ms: 0.5502
  type: 'test'
  ...
# Subtest: rejects redirect to a private destination
ok 94 - rejects redirect to a private destination
  ---
  duration_ms: 14.4325
  type: 'test'
  ...
# Subtest: verifies HMAC webhooks and rejects replay
ok 95 - verifies HMAC webhooks and rejects replay
  ---
  duration_ms: 2.692
  type: 'test'
  ...
# Subtest: rejects tampered webhook body
ok 96 - rejects tampered webhook body
  ---
  duration_ms: 0.4778
  type: 'test'
  ...
# Subtest: compiles bounded OpenAPI operations and classifies risk
ok 97 - compiles bounded OpenAPI operations and classifies risk
  ---
  duration_ms: 1.0405
  type: 'test'
  ...
# Subtest: rejects external OpenAPI references
ok 98 - rejects external OpenAPI references
  ---
  duration_ms: 0.3601
  type: 'test'
  ...
# Subtest: rejects malformed resolver results before opening a socket
ok 99 - rejects malformed resolver results before opening a socket
  ---
  duration_ms: 0.3434
  type: 'test'
  ...
# Subtest: validates the retry-delay boundary
ok 100 - validates the retry-delay boundary
  ---
  duration_ms: 0.2818
  type: 'test'
  ...
# Subtest: enforces a total request deadline even while response bytes keep arriving
ok 101 - enforces a total request deadline even while response bytes keep arriving
  ---
  duration_ms: 109.1577
  type: 'test'
  ...
# Subtest: SSRF: all mapped, expanded, reserved and transition representations are blocked
ok 102 - SSRF: all mapped, expanded, reserved and transition representations are blocked
  ---
  duration_ms: 10.376
  type: 'test'
  ...
# Subtest: HTTP: cross-origin redirect cannot forward secrets or reach its destination
ok 103 - HTTP: cross-origin redirect cannot forward secrets or reach its destination
  ---
  duration_ms: 43.0962
  type: 'test'
  ...
# Subtest: HTTP: safe same-origin GET redirect still works
ok 104 - HTTP: safe same-origin GET redirect still works
  ---
  duration_ms: 21.0796
  type: 'test'
  ...
# Subtest: HTTP: an idempotency header alone does not prove the provider can safely retry
ok 105 - HTTP: an idempotency header alone does not prove the provider can safely retry
  ---
  duration_ms: 0.7717
  type: 'test'
  ...
# Subtest: HTTP: abort before dispatch performs no DNS lookup
ok 106 - HTTP: abort before dispatch performs no DNS lookup
  ---
  duration_ms: 2.9796
  type: 'test'
  ...
# Subtest: HTTP: deadline includes stalled DNS resolution
ok 107 - HTTP: deadline includes stalled DNS resolution
  ---
  duration_ms: 112.8587
  type: 'test'
  ...
# Subtest: Webhook: replay protection must not silently disappear
ok 108 - Webhook: replay protection must not silently disappear
  ---
  duration_ms: 2.2299
  type: 'test'
  ...
# Subtest: Webhook: ambiguous duplicate signature fields are rejected
ok 109 - Webhook: ambiguous duplicate signature fields are rejected
  ---
  duration_ms: 1.5894
  type: 'test'
  ...
# Subtest: OpenAPI: server base path is retained and schema is an immutable snapshot
ok 110 - OpenAPI: server base path is retained and schema is an immutable snapshot
  ---
  duration_ms: 1.3027
  type: 'test'
  ...
# Subtest: OpenAPI: reject host-changing and traversal paths
ok 111 - OpenAPI: reject host-changing and traversal paths
  ---
  duration_ms: 1.3071
  type: 'test'
  ...
# Subtest: OpenAPI: cyclic objects are bounded failures, not stack overflows
ok 112 - OpenAPI: cyclic objects are bounded failures, not stack overflows
  ---
  duration_ms: 0.2957
  type: 'test'
  ...
# Subtest: CSV: auto-detection works beyond the 30-row sampling boundary
ok 113 - CSV: auto-detection works beyond the 30-row sampling boundary
  ---
  duration_ms: 7.0006
  type: 'test'
  ...
# Subtest: CSV: rejects text or a second quoted string after a closing quote
ok 114 - CSV: rejects text or a second quoted string after a closing quote
  ---
  duration_ms: 0.8179
  type: 'test'
  ...
# Subtest: CSV: single-column imports are valid without explicit delimiter selection
ok 115 - CSV: single-column imports are valid without explicit delimiter selection
  ---
  duration_ms: 0.9918
  type: 'test'
  ...
# Subtest: CSV: formula escaping includes line breaks and Unicode whitespace
ok 116 - CSV: formula escaping includes line breaks and Unicode whitespace
  ---
  duration_ms: 0.3195
  type: 'test'
  ...
# Subtest: CSV: limits cannot be disabled by NaN or Infinity
ok 117 - CSV: limits cannot be disabled by NaN or Infinity
  ---
  duration_ms: 0.2902
  type: 'test'
  ...
# Subtest: CSV: source row numbers survive blank and multiline records
ok 118 - CSV: source row numbers survive blank and multiline records
  ---
  duration_ms: 11.9032
  type: 'test'
  ...
# Subtest: CSV: format detection rejects backslash paths and control characters on every OS
ok 119 - CSV: format detection rejects backslash paths and control characters on every OS
  ---
  duration_ms: 0.603
  type: 'test'
  ...
# Subtest: rejects inherited targets instead of resolving Object.prototype
ok 120 - rejects inherited targets instead of resolving Object.prototype
  ---
  duration_ms: 1.9236
  type: 'test'
  ...
# Subtest: rejects prototype transformer names
ok 121 - rejects prototype transformer names
  ---
  duration_ms: 1.6416
  type: 'test'
  ...
# Subtest: rejects duplicate and blank headers without choosing an arbitrary column
ok 122 - rejects duplicate and blank headers without choosing an arbitrary column
  ---
  duration_ms: 0.2256
  type: 'test'
  ...
# Subtest: compiled defaults are immutable snapshots, not caller-owned objects
ok 123 - compiled defaults are immutable snapshots, not caller-owned objects
  ---
  duration_ms: 3.9858
  type: 'test'
  ...
# Subtest: accessor field definitions are rejected without invoking them
ok 124 - accessor field definitions are rejected without invoking them
  ---
  duration_ms: 0.4839
  type: 'test'
  ...
# Subtest: rejects object defaults and unsafe reserved destination fields
ok 125 - rejects object defaults and unsafe reserved destination fields
  ---
  duration_ms: 0.298
  type: 'test'
  ...
# Subtest: rejects non-cell values rather than executing coercion hooks
ok 126 - rejects non-cell values rather than executing coercion hooks
  ---
  duration_ms: 0.582
  type: 'test'
  ...
# Subtest: rejects unsupported entity types before creating an executable migration plan
ok 127 - rejects unsupported entity types before creating an executable migration plan
  ---
  duration_ms: 0.9004
  type: 'test'
  ...
# Subtest: parses RFC4180 quoted commas, newlines, and escaped quotes
ok 128 - parses RFC4180 quoted commas, newlines, and escaped quotes
  ---
  duration_ms: 3.8075
  type: 'test'
  ...
# Subtest: detects a semicolon delimiter
ok 129 - detects a semicolon delimiter
  ---
  duration_ms: 7.7669
  type: 'test'
  ...
# Subtest: removes UTF-8 BOM from the first header
ok 130 - removes UTF-8 BOM from the first header
  ---
  duration_ms: 0.283
  type: 'test'
  ...
# Subtest: rejects an unclosed quote
ok 131 - rejects an unclosed quote
  ---
  duration_ms: 0.7674
  type: 'test'
  ...
# Subtest: rejects duplicate normalized headers
ok 132 - rejects duplicate normalized headers
  ---
  duration_ms: 0.2383
  type: 'test'
  ...
# Subtest: enforces row limits
ok 133 - enforces row limits
  ---
  duration_ms: 0.175
  type: 'test'
  ...
# Subtest: neutralizes spreadsheet formulas in exported reports
ok 134 - neutralizes spreadsheet formulas in exported reports
  ---
  duration_ms: 0.2124
  type: 'test'
  ...
# Subtest: serializes error reports with formula protection
ok 135 - serializes error reports with formula protection
  ---
  duration_ms: 0.4387
  type: 'test'
  ...
# Subtest: parses money deterministically in minor units
ok 136 - parses money deterministically in minor units
  ---
  duration_ms: 1.0109
  type: 'test'
  ...
# Subtest: normalizes Uzbekistan phone numbers
ok 137 - normalizes Uzbekistan phone numbers
  ---
  duration_ms: 0.4005
  type: 'test'
  ...
# Subtest: validates extension, MIME, and XLSX ZIP signature
ok 138 - validates extension, MIME, and XLSX ZIP signature
  ---
  duration_ms: 0.4699
  type: 'test'
  ...
# Subtest: compiles deterministic mappings and validates required fields
ok 139 - compiles deterministic mappings and validates required fields
  ---
  duration_ms: 0.8895
  type: 'test'
  ...
# Subtest: creates deterministic dry-run batches and duplicate issues
ok 140 - creates deterministic dry-run batches and duplicate issues
  ---
  duration_ms: 2.3783
  type: 'test'
  ...
# Subtest: marks existing-record matches as warnings without silently dropping the row
ok 141 - marks existing-record matches as warnings without silently dropping the row
  ---
  duration_ms: 0.7037
  type: 'test'
  ...
# Subtest: maps Prisma pipeline rows into the domain shape
ok 142 - maps Prisma pipeline rows into the domain shape
  ---
  duration_ms: 3.0199
  type: 'test'
  ...
# Subtest: scopes every pipeline read by workspace and bounds the list
ok 143 - scopes every pipeline read by workspace and bounds the list
  ---
  duration_ms: 1.361
  type: 'test'
  ...
# Subtest: uses serializable interactive transactions
ok 144 - uses serializable interactive transactions
  ---
  duration_ms: 0.749
  type: 'test'
  ...
# Subtest: retries only bounded Prisma serialization conflicts
ok 145 - retries only bounded Prisma serialization conflicts
  ---
  duration_ms: 0.6869
  type: 'test'
  ...
# Subtest: does not retry permanent Prisma errors
ok 146 - does not retry permanent Prisma errors
  ---
  duration_ms: 0.4955
  type: 'test'
  ...
# Subtest: maps exhausted serialization retries to a stable runtime error
ok 147 - maps exhausted serialization retries to a stable runtime error
  ---
  duration_ms: 0.6206
  type: 'test'
  ...
# Subtest: rejects an invalid retry jitter source before sleeping
ok 148 - rejects an invalid retry jitter source before sleeping
  ---
  duration_ms: 0.3303
  type: 'test'
  ...
# Subtest: persists command receipts and audit events using workspace-owned fields
ok 149 - persists command receipts and audit events using workspace-owned fields
  ---
  duration_ms: 0.4507
  type: 'test'
  ...
# Subtest: enforces the maximum number of pipelines inside the transaction
ok 150 - enforces the maximum number of pipelines inside the transaction
  ---
  duration_ms: 0.7158
  type: 'test'
  ...
# Subtest: atomically hands off the default during pipeline creation
ok 151 - atomically hands off the default during pipeline creation
  ---
  duration_ms: 0.682
  type: 'test'
  ...
# Subtest: maps a duplicate slug to a stable domain error
ok 152 - maps a duplicate slug to a stable domain error
  ---
  duration_ms: 13.1527
  type: 'test'
  ...
# Subtest: neutralizes stage keys and positions before an ordered replacement
ok 153 - neutralizes stage keys and positions before an ordered replacement
  ---
  duration_ms: 12.4145
  type: 'test'
  ...
# Subtest: blocks removal of a stage that already owns assignments
ok 154 - blocks removal of a stage that already owns assignments
  ---
  duration_ms: 0.7044
  type: 'test'
  ...
# Subtest: maps a foreign-key race during stage deletion to STAGE_IN_USE
ok 155 - maps a foreign-key race during stage deletion to STAGE_IN_USE
  ---
  duration_ms: 0.6406
  type: 'test'
  ...
# Subtest: sets the default pipeline with an optimistic version predicate
ok 156 - sets the default pipeline with an optimistic version predicate
  ---
  duration_ms: 0.4345
  type: 'test'
  ...
# Subtest: rejects a stale default-pipeline request before changing any defaults
ok 157 - rejects a stale default-pipeline request before changing any defaults
  ---
  duration_ms: 0.4563
  type: 'test'
  ...
# Subtest: creates an idempotent pipeline and writes one audit event
ok 158 - creates an idempotent pipeline and writes one audit event
  ---
  duration_ms: 20.0864
  type: 'test'
  ...
# Subtest: forces the first pipeline to default even when the caller does not request it
ok 159 - forces the first pipeline to default even when the caller does not request it
  ---
  duration_ms: 5.6681
  type: 'test'
  ...
# Subtest: atomically promotes an explicitly default second pipeline during creation
ok 160 - atomically promotes an explicitly default second pipeline during creation
  ---
  duration_ms: 34.773
  type: 'test'
  ...
# Subtest: keeps an explicitly non-default later pipeline non-default
ok 161 - keeps an explicitly non-default later pipeline non-default
  ---
  duration_ms: 3.1825
  type: 'test'
  ...
# Subtest: replays a concurrently committed command after a deterministic mutation race
ok 162 - replays a concurrently committed command after a deterministic mutation race
  ---
  duration_ms: 2.4639
  type: 'test'
  ...
# Subtest: canonical payload hashing never invokes object or array accessors
ok 163 - canonical payload hashing never invokes object or array accessors
  ---
  duration_ms: 1.0914
  type: 'test'
  ...
# Subtest: canonical payload hashing rejects cycles, sparse arrays and custom serialization
ok 164 - canonical payload hashing rejects cycles, sparse arrays and custom serialization
  ---
  duration_ms: 0.4181
  type: 'test'
  ...
# Subtest: replays a command by its stable API payload before service-side reads
ok 165 - replays a command by its stable API payload before service-side reads
  ---
  duration_ms: 5.7147
  type: 'test'
  ...
# Subtest: rejects an idempotency key reused with another payload
ok 166 - rejects an idempotency key reused with another payload
  ---
  duration_ms: 4.2566
  type: 'test'
  ...
# Subtest: rejects tenant ownership supplied for another tenant
ok 167 - rejects tenant ownership supplied for another tenant
  ---
  duration_ms: 0.6329
  type: 'test'
  ...
# Subtest: normalizes pipeline-domain validation failures at the runtime boundary
ok 168 - normalizes pipeline-domain validation failures at the runtime boundary
  ---
  duration_ms: 1.114
  type: 'test'
  ...
# Subtest: enforces action permission at the operation boundary
ok 169 - enforces action permission at the operation boundary
  ---
  duration_ms: 0.2986
  type: 'test'
  ...
# Subtest: transitions a seeded deal with optimistic concurrency
ok 170 - transitions a seeded deal with optimistic concurrency
  ---
  duration_ms: 7.7346
  type: 'test'
  ...
# Subtest: serializes two concurrent transitions so only one stale version wins
ok 171 - serializes two concurrent transitions so only one stale version wins
  ---
  duration_ms: 2.4231
  type: 'test'
  ...
# Subtest: prevents deleting a stage that still owns a deal assignment
ok 172 - prevents deleting a stage that still owns a deal assignment
  ---
  duration_ms: 3.3857
  type: 'test'
  ...
# Subtest: atomically switches the default pipeline with optimistic concurrency
ok 173 - atomically switches the default pipeline with optimistic concurrency
  ---
  duration_ms: 4.5506
  type: 'test'
  ...
# Subtest: restore requires its own permission rather than archive permission
ok 174 - restore requires its own permission rather than archive permission
  ---
  duration_ms: 2.5467
  type: 'test'
  ...
# Subtest: in-memory keys do not collide when tenant and entity IDs contain colons
ok 175 - in-memory keys do not collide when tenant and entity IDs contain colons
  ---
  duration_ms: 0.4225
  type: 'test'
  ...
# Subtest: enforces the bounded pipeline count
ok 176 - enforces the bounded pipeline count
  ---
  duration_ms: 14.4995
  type: 'test'
  ...
# Subtest: givenPlainCredential_whenSealingAndOpening_thenReturnsValidatedPlaintext
ok 177 - givenPlainCredential_whenSealingAndOpening_thenReturnsValidatedPlaintext
  ---
  duration_ms: 5.7407
  type: 'test'
  ...
# Subtest: givenLegacyPlaintextAndStrictMode_whenOpening_thenRejects
ok 178 - givenLegacyPlaintextAndStrictMode_whenOpening_thenRejects
  ---
  duration_ms: 0.8876
  type: 'test'
  ...
# Subtest: givenLegacyPlaintextAndMigrationMode_whenOpening_thenMarksMigrationRequired
ok 179 - givenLegacyPlaintextAndMigrationMode_whenOpening_thenMarksMigrationRequired
  ---
  duration_ms: 3.5223
  type: 'test'
  ...
# Subtest: givenEncryptedValue_whenSealingAgain_thenPreventsDoubleEncryption
ok 180 - givenEncryptedValue_whenSealingAgain_thenPreventsDoubleEncryption
  ---
  duration_ms: 0.6856
  type: 'test'
  ...
# Subtest: givenValidContext_whenEncryptingAndDecrypting_thenRoundTripsWithoutPlaintextLeakage
ok 181 - givenValidContext_whenEncryptingAndDecrypting_thenRoundTripsWithoutPlaintextLeakage
  ---
  duration_ms: 7.8313
  type: 'test'
  ...
# Subtest: givenSamePlaintext_whenEncryptedTwice_thenRandomIvProducesDifferentEnvelopes
ok 182 - givenSamePlaintext_whenEncryptedTwice_thenRandomIvProducesDifferentEnvelopes
  ---
  duration_ms: 0.9169
  type: 'test'
  ...
# Subtest: givenWrongTenantContext_whenDecrypting_thenAuthenticationFails
ok 183 - givenWrongTenantContext_whenDecrypting_thenAuthenticationFails
  ---
  duration_ms: 7.4473
  type: 'test'
  ...
# Subtest: givenTamperedCiphertext_whenDecrypting_thenAuthenticationFails
ok 184 - givenTamperedCiphertext_whenDecrypting_thenAuthenticationFails
  ---
  duration_ms: 0.8905
  type: 'test'
  ...
# Subtest: givenMissingHistoricalKey_whenDecrypting_thenFailsWithoutLeakingSecret
ok 185 - givenMissingHistoricalKey_whenDecrypting_thenFailsWithoutLeakingSecret
  ---
  duration_ms: 0.7529
  type: 'test'
  ...
# Subtest: givenHistoricalKeyAndNewActiveKey_whenRotating_thenReencryptsWithNewKey
ok 186 - givenHistoricalKeyAndNewActiveKey_whenRotating_thenReencryptsWithNewKey
  ---
  duration_ms: 0.762
  type: 'test'
  ...
# Subtest: givenPlaintext_whenDecrypting_thenRejectsImplicitLegacyFallback
ok 187 - givenPlaintext_whenDecrypting_thenRejectsImplicitLegacyFallback
  ---
  duration_ms: 0.2916
  type: 'test'
  ...
# Subtest: givenInvalidKeyLength_whenCreatingProvider_thenFailsFast
ok 188 - givenInvalidKeyLength_whenCreatingProvider_thenFailsFast
  ---
  duration_ms: 0.2368
  type: 'test'
  ...
# Subtest: givenEnvironmentKeyring_whenCreatingProvider_thenValidatesAndDecrypts
ok 189 - givenEnvironmentKeyring_whenCreatingProvider_thenValidatesAndDecrypts
  ---
  duration_ms: 0.6497
  type: 'test'
  ...
# Subtest: givenEnvelope_whenRedactingAndFingerprinting_thenNeverReturnsPlaintext
ok 190 - givenEnvelope_whenRedactingAndFingerprinting_thenNeverReturnsPlaintext
  ---
  duration_ms: 3.3803
  type: 'test'
  ...
# Subtest: givenOversizedPlaintext_whenEncrypting_thenRejectsBeforeEncryption
ok 191 - givenOversizedPlaintext_whenEncrypting_thenRejectsBeforeEncryption
  ---
  duration_ms: 1.0774
  type: 'test'
  ...
# Subtest: givenUnscopedWhere_whenScoping_thenInjectsActiveTenant
ok 192 - givenUnscopedWhere_whenScoping_thenInjectsActiveTenant
  ---
  duration_ms: 3.6878
  type: 'test'
  ...
# Subtest: givenCrossTenantSelector_whenScoping_thenRejects
ok 193 - givenCrossTenantSelector_whenScoping_thenRejects
  ---
  duration_ms: 0.7333
  type: 'test'
  ...
# Subtest: givenCreatePayloadForAnotherTenant_whenScoping_thenRejects
ok 194 - givenCreatePayloadForAnotherTenant_whenScoping_thenRejects
  ---
  duration_ms: 0.2759
  type: 'test'
  ...
# Subtest: givenAttemptedTenantReassignment_whenUpdating_thenRejects
ok 195 - givenAttemptedTenantReassignment_whenUpdating_thenRejects
  ---
  duration_ms: 0.2299
  type: 'test'
  ...
# Subtest: givenUniqueSelector_whenScoping_thenKeepsUniqueFieldAndAddsTenant
ok 196 - givenUniqueSelector_whenScoping_thenKeepsUniqueFieldAndAddsTenant
  ---
  duration_ms: 0.3838
  type: 'test'
  ...
# Subtest: givenSameOperationInDifferentTenants_whenBuildingIdempotencyKey_thenKeysDiffer
ok 197 - givenSameOperationInDifferentTenants_whenBuildingIdempotencyKey_thenKeysDiffer
  ---
  duration_ms: 1.2871
  type: 'test'
  ...
# Subtest: givenTenantScopedDelegate_whenReading_thenAlwaysInjectsTenantAndValidatesResults
ok 198 - givenTenantScopedDelegate_whenReading_thenAlwaysInjectsTenantAndValidatesResults
  ---
  duration_ms: 2.3902
  type: 'test'
  ...
# Subtest: givenCompromisedDelegateReturningAnotherTenant_whenReading_thenFailsClosed
ok 199 - givenCompromisedDelegateReturningAnotherTenant_whenReading_thenFailsClosed
  ---
  duration_ms: 1.0483
  type: 'test'
  ...
# Subtest: givenScopedMutation_whenUpdating_thenScopesWhereAndForbidsOwnershipChange
ok 200 - givenScopedMutation_whenUpdating_thenScopesWhereAndForbidsOwnershipChange
  ---
  duration_ms: 0.6782
  type: 'test'
  ...
# Subtest: givenPrototypePollutionKey_whenScoping_thenRejectsInput
ok 201 - givenPrototypePollutionKey_whenScoping_thenRejectsInput
  ---
  duration_ms: 2.8231
  type: 'test'
  ...
# Subtest: givenCallerSelectExcludesTenantField_whenReading_thenVerifiesInternallyAndRestoresRequestedShape
ok 202 - givenCallerSelectExcludesTenantField_whenReading_thenVerifiesInternallyAndRestoresRequestedShape
  ---
  duration_ms: 0.6021
  type: 'test'
  ...
1..202
# tests 202
# suites 0
# pass 202
# fail 0
# cancelled 0
# skipped 0
# todo 0
# duration_ms 1461.1227
