===== Pipeline runtime tests =====
status=failed exit=1 duration=0.36
command=node --test packages/pipeline-runtime/test/runtime.test.mjs
TAP version 13
# Subtest: creates an idempotent pipeline and writes one audit event
ok 1 - creates an idempotent pipeline and writes one audit event
  ---
  duration_ms: 8.250072
  type: 'test'
  ...
# Subtest: rejects an idempotency key reused with another payload
ok 2 - rejects an idempotency key reused with another payload
  ---
  duration_ms: 2.064146
  type: 'test'
  ...
# Subtest: rejects tenant ownership supplied for another tenant
ok 3 - rejects tenant ownership supplied for another tenant
  ---
  duration_ms: 0.304875
  type: 'test'
  ...
# Subtest: enforces action permission at the operation boundary
ok 4 - enforces action permission at the operation boundary
  ---
  duration_ms: 0.321404
  type: 'test'
  ...
# Subtest: transitions a seeded deal with optimistic concurrency
not ok 5 - transitions a seeded deal with optimistic concurrency
  ---
  duration_ms: 5.902485
  type: 'test'
  location: '/mnt/data/crm_r9_r10_repair/crm-release/packages/pipeline-runtime/test/runtime.test.mjs:40:1'
  failureType: 'testCodeFailure'
  error: |-
    The validation function is expected to return "true". Received false
    
    Caught error:
    
    PipelineDomainError: The deal stage changed after it was read
  code: 'ERR_ASSERTION'
  name: 'AssertionError'
  stack: |-
    async TestContext.<anonymous> (file:///mnt/data/crm_r9_r10_repair/crm-release/packages/pipeline-runtime/test/runtime.test.mjs:48:3)
    async Test.run (node:internal/test_runner/test:1054:7)
    async Test.processPendingSubtests (node:internal/test_runner/test:744:7)
  ...
# Subtest: serializes two concurrent transitions so only one stale version wins
ok 6 - serializes two concurrent transitions so only one stale version wins
  ---
  duration_ms: 2.02729
  type: 'test'
  ...
# Subtest: prevents deleting a stage that still owns a deal assignment
ok 7 - prevents deleting a stage that still owns a deal assignment
  ---
  duration_ms: 1.717574
  type: 'test'
  ...
# Subtest: atomically switches the default pipeline
ok 8 - atomically switches the default pipeline
  ---
  duration_ms: 16.064977
  type: 'test'
  ...
1..8
# tests 8
# suites 0
# pass 7
# fail 1
# cancelled 0
# skipped 0
# todo 0
# duration_ms 243.8075


===== Migration runtime tests =====
status=passed exit=0 duration=0.351
command=node --test packages/migration-runtime/test/runtime.test.mjs
TAP version 13
# Subtest: rejects invalid state transitions
ok 1 - rejects invalid state transitions
  ---
  duration_ms: 3.270216
  type: 'test'
  ...
# Subtest: rejects a dry-run from another tenant
ok 2 - rejects a dry-run from another tenant
  ---
  duration_ms: 2.805211
  type: 'test'
  ...
# Subtest: processes bounded batches and completes after the last checkpoint
ok 3 - processes bounded batches and completes after the last checkpoint
  ---
  duration_ms: 7.964552
  type: 'test'
  ...
# Subtest: concurrent workers claim distinct batches and never duplicate the same lease
ok 4 - concurrent workers claim distinct batches and never duplicate the same lease
  ---
  duration_ms: 10.360352
  type: 'test'
  ...
# Subtest: an expired RUNNING lease is reclaimed with the same operation identity
ok 5 - an expired RUNNING lease is reclaimed with the same operation identity
  ---
  duration_ms: 9.166989
  type: 'test'
  ...
# Subtest: retries a transient failure with the same idempotency key
ok 6 - retries a transient failure with the same idempotency key
  ---
  duration_ms: 2.538977
  type: 'test'
  ...
# Subtest: moves a poison batch and job to FAILED after bounded attempts
ok 7 - moves a poison batch and job to FAILED after bounded attempts
  ---
  duration_ms: 2.613416
  type: 'test'
  ...
# Subtest: cancellation is terminal and prevents execution
ok 8 - cancellation is terminal and prevents execution
  ---
  duration_ms: 1.097235
  type: 'test'
  ...
1..8
# tests 8
# suites 0
# pass 8
# fail 0
# cancelled 0
# skipped 0
# todo 0
# duration_ms 240.189071


===== Combined R9/R10 tests =====
status=failed exit=1 duration=0.414
command=node --test packages/pipeline-runtime/test/runtime.test.mjs packages/migration-runtime/test/runtime.test.mjs
TAP version 13
# Subtest: rejects invalid state transitions
ok 1 - rejects invalid state transitions
  ---
  duration_ms: 2.009601
  type: 'test'
  ...
# Subtest: rejects a dry-run from another tenant
ok 2 - rejects a dry-run from another tenant
  ---
  duration_ms: 3.445098
  type: 'test'
  ...
# Subtest: processes bounded batches and completes after the last checkpoint
ok 3 - processes bounded batches and completes after the last checkpoint
  ---
  duration_ms: 7.382559
  type: 'test'
  ...
# Subtest: concurrent workers claim distinct batches and never duplicate the same lease
ok 4 - concurrent workers claim distinct batches and never duplicate the same lease
  ---
  duration_ms: 9.87204
  type: 'test'
  ...
# Subtest: an expired RUNNING lease is reclaimed with the same operation identity
ok 5 - an expired RUNNING lease is reclaimed with the same operation identity
  ---
  duration_ms: 8.771909
  type: 'test'
  ...
# Subtest: retries a transient failure with the same idempotency key
ok 6 - retries a transient failure with the same idempotency key
  ---
  duration_ms: 2.379377
  type: 'test'
  ...
# Subtest: moves a poison batch and job to FAILED after bounded attempts
ok 7 - moves a poison batch and job to FAILED after bounded attempts
  ---
  duration_ms: 2.299682
  type: 'test'
  ...
# Subtest: cancellation is terminal and prevents execution
ok 8 - cancellation is terminal and prevents execution
  ---
  duration_ms: 0.645765
  type: 'test'
  ...
# Subtest: creates an idempotent pipeline and writes one audit event
ok 9 - creates an idempotent pipeline and writes one audit event
  ---
  duration_ms: 11.660596
  type: 'test'
  ...
# Subtest: rejects an idempotency key reused with another payload
ok 10 - rejects an idempotency key reused with another payload
  ---
  duration_ms: 3.793986
  type: 'test'
  ...
# Subtest: rejects tenant ownership supplied for another tenant
ok 11 - rejects tenant ownership supplied for another tenant
  ---
  duration_ms: 0.579946
  type: 'test'
  ...
# Subtest: enforces action permission at the operation boundary
ok 12 - enforces action permission at the operation boundary
  ---
  duration_ms: 0.508904
  type: 'test'
  ...
# Subtest: transitions a seeded deal with optimistic concurrency
not ok 13 - transitions a seeded deal with optimistic concurrency
  ---
  duration_ms: 7.785561
  type: 'test'
  location: '/mnt/data/crm_r9_r10_repair/crm-release/packages/pipeline-runtime/test/runtime.test.mjs:40:1'
  failureType: 'testCodeFailure'
  error: |-
    The validation function is expected to return "true". Received false
    
    Caught error:
    
    PipelineDomainError: The deal stage changed after it was read
  code: 'ERR_ASSERTION'
  name: 'AssertionError'
  stack: |-
    async TestContext.<anonymous> (file:///mnt/data/crm_r9_r10_repair/crm-release/packages/pipeline-runtime/test/runtime.test.mjs:48:3)
    async Test.run (node:internal/test_runner/test:1054:7)
    async Test.processPendingSubtests (node:internal/test_runner/test:744:7)
  ...
# Subtest: serializes two concurrent transitions so only one stale version wins
ok 14 - serializes two concurrent transitions so only one stale version wins
  ---
  duration_ms: 5.606808
  type: 'test'
  ...
# Subtest: prevents deleting a stage that still owns a deal assignment
ok 15 - prevents deleting a stage that still owns a deal assignment
  ---
  duration_ms: 2.59311
  type: 'test'
  ...
# Subtest: atomically switches the default pipeline
ok 16 - atomically switches the default pipeline
  ---
  duration_ms: 16.506747
  type: 'test'
  ...
1..16
# tests 16
# suites 0
# pass 15
# fail 1
# cancelled 0
# skipped 0
# todo 0
# duration_ms 299.987045


===== R9/R10 structure verifier =====
status=failed exit=1 duration=0.106
command=node tools/release/verify-r9-r10.mjs
file:///mnt/data/crm_r9_r10_repair/crm-release/tools/release/verify-r9-r10.mjs:2
#!/usr/bin/env node
^

SyntaxError: Invalid or unexpected token
    at compileSourceTextModule (node:internal/modules/esm/utils:344:16)
    at ModuleLoader.moduleStrategy (node:internal/modules/esm/translators:105:18)
    at #translate (node:internal/modules/esm/loader:534:12)
    at ModuleLoader.loadAndTranslate (node:internal/modules/esm/loader:581:27)
    at async ModuleJob._link (node:internal/modules/esm/module_job:116:19)

Node.js v22.16.0


===== Syntax packages/pipeline-runtime/src/canonical.mjs =====
status=passed exit=0 duration=0.083
command=node --check packages/pipeline-runtime/src/canonical.mjs


===== Syntax packages/pipeline-runtime/src/context.mjs =====
status=passed exit=0 duration=0.099
command=node --check packages/pipeline-runtime/src/context.mjs


===== Syntax packages/pipeline-runtime/src/errors.mjs =====
status=passed exit=0 duration=0.087
command=node --check packages/pipeline-runtime/src/errors.mjs


===== Syntax packages/pipeline-runtime/src/in-memory-repository.mjs =====
status=passed exit=0 duration=0.087
command=node --check packages/pipeline-runtime/src/in-memory-repository.mjs


===== Syntax packages/pipeline-runtime/src/index.mjs =====
status=passed exit=0 duration=0.089
command=node --check packages/pipeline-runtime/src/index.mjs


===== Syntax packages/pipeline-runtime/src/prisma-adapter.mjs =====
status=passed exit=0 duration=0.088
command=node --check packages/pipeline-runtime/src/prisma-adapter.mjs


===== Syntax packages/pipeline-runtime/src/service.mjs =====
status=passed exit=0 duration=0.086
command=node --check packages/pipeline-runtime/src/service.mjs


===== Syntax packages/migration-runtime/src/coordinator.mjs =====
status=passed exit=0 duration=0.098
command=node --check packages/migration-runtime/src/coordinator.mjs


===== Syntax packages/migration-runtime/src/errors.mjs =====
status=passed exit=0 duration=0.087
command=node --check packages/migration-runtime/src/errors.mjs


===== Syntax packages/migration-runtime/src/in-memory-repository.mjs =====
status=passed exit=0 duration=0.089
command=node --check packages/migration-runtime/src/in-memory-repository.mjs


===== Syntax packages/migration-runtime/src/index.mjs =====
status=passed exit=0 duration=0.089
command=node --check packages/migration-runtime/src/index.mjs


===== Syntax packages/migration-runtime/src/state.mjs =====
status=passed exit=0 duration=0.09
command=node --check packages/migration-runtime/src/state.mjs

