===== Repository ESM syntax sweep =====
$ node --check <106 discovered .mjs files>
cwd=/mnt/data/crm_pipe_api_003_work/crm-release
startedAt=2026-09-01T15:15:16.969Z
endedAt=2026-09-01T15:15:19.195Z
status=passed critical=true rc=0 durationMs=2226
{
  "checkedFiles": 106,
  "failures": []
}

===== Changed TypeScript syntax check =====
$ /opt/nvm/versions/node/v22.16.0/bin/node tools/quality/check-typescript-syntax.mjs apps/api/src/generated/server.ts apps/api/src/pipelines/pipelines.contracts.ts apps/api/src/pipelines/pipelines.module.ts apps/api/src/pipelines/pipelines.router.ts apps/api/src/pipelines/pipelines.service.ts apps/api/src/trpc/middlewares/domain-error.middleware.ts "apps/app/app/(app)/[slug]/settings/pipelines/page.tsx" "apps/app/app/(app)/[slug]/settings/pipelines/pipeline-settings.tsx"
cwd=/mnt/data/crm_pipe_api_003_work/crm-release
startedAt=2026-09-01T15:15:19.196Z
endedAt=2026-09-01T15:15:19.423Z
status=passed critical=true rc=0 durationMs=227
{
  "compilerVersion": "5.8.3",
  "checkedFiles": 8,
  "failureCount": 0,
  "failures": []
}

===== Repository TypeScript syntax sweep =====
$ /opt/nvm/versions/node/v22.16.0/bin/node tools/quality/check-typescript-syntax.mjs
cwd=/mnt/data/crm_pipe_api_003_work/crm-release
startedAt=2026-09-01T15:15:19.423Z
endedAt=2026-09-01T15:15:20.156Z
status=passed critical=true rc=0 durationMs=733
{
  "compilerVersion": "5.8.3",
  "checkedFiles": 857,
  "failureCount": 0,
  "failures": []
}

===== Configurable pipeline API targeted suite =====
$ /opt/nvm/versions/node/v22.16.0/bin/node --test --test-concurrency=1 packages/pipeline-core/test/pipeline.test.mjs packages/pipeline-runtime/test/prisma-adapter.test.mjs packages/pipeline-runtime/test/runtime.test.mjs apps/api/test/pipeline-api-core.test.mjs apps/app/test/pipeline-editor-model.test.mjs apps/app/test/pipeline-command-key-store.test.mjs tools/quality/test/pipeline-api-boundary.test.mjs
cwd=/mnt/data/crm_pipe_api_003_work/crm-release
startedAt=2026-09-01T15:15:20.156Z
endedAt=2026-09-01T15:15:20.625Z
status=passed critical=true rc=0 durationMs=469
TAP version 13
# Subtest: maps workspace roles to least-privilege pipeline permissions
ok 1 - maps workspace roles to least-privilege pipeline permissions
  ---
  duration_ms: 1.366976
  type: 'test'
  ...
# Subtest: creates deterministic server-owned pipeline and stage identifiers
ok 2 - creates deterministic server-owned pipeline and stage identifiers
  ---
  duration_ms: 3.131402
  type: 'test'
  ...
# Subtest: preserves an explicit default request in the canonical create payload
ok 3 - preserves an explicit default request in the canonical create payload
  ---
  duration_ms: 0.41837
  type: 'test'
  ...
# Subtest: different tenants and command keys produce different server IDs
ok 4 - different tenants and command keys produce different server IDs
  ---
  duration_ms: 0.156585
  type: 'test'
  ...
# Subtest: preserves existing stage identity during update and creates only new IDs
ok 5 - preserves existing stage identity during update and creates only new IDs
  ---
  duration_ms: 0.610299
  type: 'test'
  ...
# Subtest: rejects foreign stage IDs and unknown transition keys
ok 6 - rejects foreign stage IDs and unknown transition keys
  ---
  duration_ms: 0.446521
  type: 'test'
  ...
# Subtest: rejects client-owned IDs on create and mismatched pipeline IDs on update
ok 7 - rejects client-owned IDs on create and mismatched pipeline IDs on update
  ---
  duration_ms: 0.481484
  type: 'test'
  ...
# Subtest: command payload excludes idempotency metadata and is immutable
ok 8 - command payload excludes idempotency metadata and is immutable
  ---
  duration_ms: 0.192921
  type: 'test'
  ...
# Subtest: command payload rejects unknown and accessor-backed input
ok 9 - command payload rejects unknown and accessor-backed input
  ---
  duration_ms: 0.335345
  type: 'test'
  ...
# Subtest: API output hides tenant identity and exposes transition keys
ok 10 - API output hides tenant identity and exposes transition keys
  ---
  duration_ms: 0.544049
  type: 'test'
  ...
# Subtest: reuses the same key for a retry of an unchanged command
ok 11 - reuses the same key for a retry of an unchanged command
  ---
  duration_ms: 0.90425
  type: 'test'
  ...
# Subtest: rotates the key when the command payload changes
ok 12 - rotates the key when the command payload changes
  ---
  duration_ms: 0.168824
  type: 'test'
  ...
# Subtest: clears only the key that completed
ok 13 - clears only the key that completed
  ---
  duration_ms: 0.908567
  type: 'test'
  ...
# Subtest: bounds retained failed-command keys
ok 14 - bounds retained failed-command keys
  ---
  duration_ms: 0.150356
  type: 'test'
  ...
# Subtest: rejects malformed scopes, fingerprints and generated keys
ok 15 - rejects malformed scopes, fingerprints and generated keys
  ---
  duration_ms: 0.51205
  type: 'test'
  ...
# Subtest: default draft is complete and valid
ok 16 - default draft is complete and valid
  ---
  duration_ms: 2.365128
  type: 'test'
  ...
# Subtest: renaming a stage key updates transition references
ok 17 - renaming a stage key updates transition references
  ---
  duration_ms: 0.370217
  type: 'test'
  ...
# Subtest: terminal and open stage probabilities remain deterministic
ok 18 - terminal and open stage probabilities remain deterministic
  ---
  duration_ms: 0.180611
  type: 'test'
  ...
# Subtest: reordering and removal keep contiguous positions and remove dangling transitions
ok 19 - reordering and removal keep contiguous positions and remove dangling transitions
  ---
  duration_ms: 0.289886
  type: 'test'
  ...
# Subtest: create mutation excludes server-owned identity and preserves default intent
ok 20 - create mutation excludes server-owned identity and preserves default intent
  ---
  duration_ms: 0.442205
  type: 'test'
  ...
# Subtest: update mutation preserves optimistic version and existing stage identity
ok 21 - update mutation preserves optimistic version and existing stage identity
  ---
  duration_ms: 0.517057
  type: 'test'
  ...
# Subtest: validation rejects malformed probabilities, colors, positions and transitions
ok 22 - validation rejects malformed probabilities, colors, positions and transitions
  ---
  duration_ms: 0.209786
  type: 'test'
  ...
# Subtest: mutation conversion refuses invalid drafts and idempotency keys
ok 23 - mutation conversion refuses invalid drafts and idempotency keys
  ---
  duration_ms: 0.426532
  type: 'test'
  ...
# Subtest: normalizes a safe pipeline slug
ok 24 - normalizes a safe pipeline slug
  ---
  duration_ms: 0.973796
  type: 'test'
  ...
# Subtest: accepts a complete pipeline definition
ok 25 - accepts a complete pipeline definition
  ---
  duration_ms: 0.67109
  type: 'test'
  ...
# Subtest: rejects duplicate stage IDs
ok 26 - rejects duplicate stage IDs
  ---
  duration_ms: 1.107266
  type: 'test'
  ...
# Subtest: rejects non-contiguous positions
ok 27 - rejects non-contiguous positions
  ---
  duration_ms: 0.324829
  type: 'test'
  ...
# Subtest: rejects invalid terminal probability
ok 28 - rejects invalid terminal probability
  ---
  duration_ms: 0.16595
  type: 'test'
  ...
# Subtest: rejects an archived default pipeline
ok 29 - rejects an archived default pipeline
  ---
  duration_ms: 0.18608
  type: 'test'
  ...
# Subtest: plans an allowed transition with optimistic version increment
ok 30 - plans an allowed transition with optimistic version increment
  ---
  duration_ms: 0.328154
  type: 'test'
  ...
# Subtest: treats same-stage movement as idempotent
ok 31 - treats same-stage movement as idempotent
  ---
  duration_ms: 0.168313
  type: 'test'
  ...
# Subtest: rejects a transition that violates stage rules
ok 32 - rejects a transition that violates stage rules
  ---
  duration_ms: 0.297968
  type: 'test'
  ...
# Subtest: rejects stale optimistic version
ok 33 - rejects stale optimistic version
  ---
  duration_ms: 0.349536
  type: 'test'
  ...
# Subtest: rejects cross-tenant assignment
ok 34 - rejects cross-tenant assignment
  ---
  duration_ms: 0.23313
  type: 'test'
  ...
# Subtest: requires explicit permission to reopen a terminal deal
ok 35 - requires explicit permission to reopen a terminal deal
  ---
  duration_ms: 0.141432
  type: 'test'
  ...
# Subtest: allows an explicitly authorized terminal reopen
ok 36 - allows an explicitly authorized terminal reopen
  ---
  duration_ms: 0.124687
  type: 'test'
  ...
# Subtest: builds deterministic legacy assignments
ok 37 - builds deterministic legacy assignments
  ---
  duration_ms: 0.73085
  type: 'test'
  ...
# Subtest: fails closed when a legacy stage has no mapping
ok 38 - fails closed when a legacy stage has no mapping
  ---
  duration_ms: 0.274442
  type: 'test'
  ...
# Subtest: calculates exact minor-unit analytics without floating point
ok 39 - calculates exact minor-unit analytics without floating point
  ---
  duration_ms: 0.660454
  type: 'test'
  ...
# Subtest: maps Prisma pipeline rows into the domain shape
ok 40 - maps Prisma pipeline rows into the domain shape
  ---
  duration_ms: 1.846739
  type: 'test'
  ...
# Subtest: scopes every pipeline read by workspace and bounds the list
ok 41 - scopes every pipeline read by workspace and bounds the list
  ---
  duration_ms: 0.809708
  type: 'test'
  ...
# Subtest: uses serializable interactive transactions
ok 42 - uses serializable interactive transactions
  ---
  duration_ms: 0.270296
  type: 'test'
  ...
# Subtest: retries only bounded Prisma serialization conflicts
ok 43 - retries only bounded Prisma serialization conflicts
  ---
  duration_ms: 0.373742
  type: 'test'
  ...
# Subtest: does not retry permanent Prisma errors
ok 44 - does not retry permanent Prisma errors
  ---
  duration_ms: 0.325189
  type: 'test'
  ...
# Subtest: maps exhausted serialization retries to a stable runtime error
ok 45 - maps exhausted serialization retries to a stable runtime error
  ---
  duration_ms: 0.449206
  type: 'test'
  ...
# Subtest: rejects an invalid retry jitter source before sleeping
ok 46 - rejects an invalid retry jitter source before sleeping
  ---
  duration_ms: 0.551019
  type: 'test'
  ...
# Subtest: persists command receipts and audit events using workspace-owned fields
ok 47 - persists command receipts and audit events using workspace-owned fields
  ---
  duration_ms: 0.35198
  type: 'test'
  ...
# Subtest: enforces the maximum number of pipelines inside the transaction
ok 48 - enforces the maximum number of pipelines inside the transaction
  ---
  duration_ms: 1.321908
  type: 'test'
  ...
# Subtest: atomically hands off the default during pipeline creation
ok 49 - atomically hands off the default during pipeline creation
  ---
  duration_ms: 0.660414
  type: 'test'
  ...
# Subtest: maps a duplicate slug to a stable domain error
ok 50 - maps a duplicate slug to a stable domain error
  ---
  duration_ms: 0.357228
  type: 'test'
  ...
# Subtest: neutralizes stage keys and positions before an ordered replacement
ok 51 - neutralizes stage keys and positions before an ordered replacement
  ---
  duration_ms: 1.22974
  type: 'test'
  ...
# Subtest: blocks removal of a stage that already owns assignments
ok 52 - blocks removal of a stage that already owns assignments
  ---
  duration_ms: 0.317548
  type: 'test'
  ...
# Subtest: maps a foreign-key race during stage deletion to STAGE_IN_USE
ok 53 - maps a foreign-key race during stage deletion to STAGE_IN_USE
  ---
  duration_ms: 0.417578
  type: 'test'
  ...
# Subtest: sets the default pipeline with an optimistic version predicate
ok 54 - sets the default pipeline with an optimistic version predicate
  ---
  duration_ms: 0.27252
  type: 'test'
  ...
# Subtest: rejects a stale default-pipeline request before changing any defaults
ok 55 - rejects a stale default-pipeline request before changing any defaults
  ---
  duration_ms: 0.171528
  type: 'test'
  ...
# Subtest: creates an idempotent pipeline and writes one audit event
ok 56 - creates an idempotent pipeline and writes one audit event
  ---
  duration_ms: 4.40647
  type: 'test'
  ...
# Subtest: forces the first pipeline to default even when the caller does not request it
ok 57 - forces the first pipeline to default even when the caller does not request it
  ---
  duration_ms: 1.035999
  type: 'test'
  ...
# Subtest: atomically promotes an explicitly default second pipeline during creation
ok 58 - atomically promotes an explicitly default second pipeline during creation
  ---
  duration_ms: 6.962534
  type: 'test'
  ...
# Subtest: keeps an explicitly non-default later pipeline non-default
ok 59 - keeps an explicitly non-default later pipeline non-default
  ---
  duration_ms: 0.742006
  type: 'test'
  ...
# Subtest: replays a concurrently committed command after a deterministic mutation race
ok 60 - replays a concurrently committed command after a deterministic mutation race
  ---
  duration_ms: 0.793433
  type: 'test'
  ...
# Subtest: canonical payload hashing never invokes object or array accessors
ok 61 - canonical payload hashing never invokes object or array accessors
  ---
  duration_ms: 0.463077
  type: 'test'
  ...
# Subtest: canonical payload hashing rejects cycles, sparse arrays and custom serialization
ok 62 - canonical payload hashing rejects cycles, sparse arrays and custom serialization
  ---
  duration_ms: 0.327713
  type: 'test'
  ...
# Subtest: replays a command by its stable API payload before service-side reads
ok 63 - replays a command by its stable API payload before service-side reads
  ---
  duration_ms: 0.853744
  type: 'test'
  ...
# Subtest: rejects an idempotency key reused with another payload
ok 64 - rejects an idempotency key reused with another payload
  ---
  duration_ms: 0.912122
  type: 'test'
  ...
# Subtest: rejects tenant ownership supplied for another tenant
ok 65 - rejects tenant ownership supplied for another tenant
  ---
  duration_ms: 0.375695
  type: 'test'
  ...
# Subtest: normalizes pipeline-domain validation failures at the runtime boundary
ok 66 - normalizes pipeline-domain validation failures at the runtime boundary
  ---
  duration_ms: 0.378059
  type: 'test'
  ...
# Subtest: enforces action permission at the operation boundary
ok 67 - enforces action permission at the operation boundary
  ---
  duration_ms: 0.175674
  type: 'test'
  ...
# Subtest: transitions a seeded deal with optimistic concurrency
ok 68 - transitions a seeded deal with optimistic concurrency
  ---
  duration_ms: 1.980259
  type: 'test'
  ...
# Subtest: serializes two concurrent transitions so only one stale version wins
ok 69 - serializes two concurrent transitions so only one stale version wins
  ---
  duration_ms: 0.847966
  type: 'test'
  ...
# Subtest: prevents deleting a stage that still owns a deal assignment
ok 70 - prevents deleting a stage that still owns a deal assignment
  ---
  duration_ms: 0.929508
  type: 'test'
  ...
# Subtest: atomically switches the default pipeline with optimistic concurrency
ok 71 - atomically switches the default pipeline with optimistic concurrency
  ---
  duration_ms: 1.137711
  type: 'test'
  ...
# Subtest: restore requires its own permission rather than archive permission
ok 72 - restore requires its own permission rather than archive permission
  ---
  duration_ms: 1.450642
  type: 'test'
  ...
# Subtest: in-memory keys do not collide when tenant and entity IDs contain colons
ok 73 - in-memory keys do not collide when tenant and entity IDs contain colons
  ---
  duration_ms: 0.353852
  type: 'test'
  ...
# Subtest: enforces the bounded pipeline count
ok 74 - enforces the bounded pipeline count
  ---
  duration_ms: 9.4121
  type: 'test'
  ...
# Subtest: pipeline router is registered and requires authenticated interactive sessions
ok 75 - pipeline router is registered and requires authenticated interactive sessions
  ---
  duration_ms: 4.198306
  type: 'test'
  ...
# Subtest: pipeline mutations replay stable commands before reading mutable state
ok 76 - pipeline mutations replay stable commands before reading mutable state
  ---
  duration_ms: 1.288679
  type: 'test'
  ...
# Subtest: public pipeline contracts are strict and expose no tenant selector
ok 77 - public pipeline contracts are strict and expose no tenant selector
  ---
  duration_ms: 1.538725
  type: 'test'
  ...
# Subtest: pipeline persistence uses bounded reads and serializable optimistic mutations
ok 78 - pipeline persistence uses bounded reads and serializable optimistic mutations
  ---
  duration_ms: 0.742086
  type: 'test'
  ...
# Subtest: HTTP 412 remains a precondition failure at the tRPC error boundary
ok 79 - HTTP 412 remains a precondition failure at the tRPC error boundary
  ---
  duration_ms: 0.686854
  type: 'test'
  ...
# Subtest: generated client and accessible settings UI are connected without unsafe casts
ok 80 - generated client and accessible settings UI are connected without unsafe casts
  ---
  duration_ms: 1.447808
  type: 'test'
  ...
1..80
# tests 80
# suites 0
# pass 80
# fail 0
# cancelled 0
# skipped 0
# todo 0
# duration_ms 440.128525

===== Dependency-free repository Node regression suite =====
$ /opt/nvm/versions/node/v22.16.0/bin/node --test --test-concurrency=1 apps/agent/test/governed-action-execution.test.mjs apps/agent/test/governed-run-action-runtime.test.mjs apps/agent/test/legacy-agent-action-callsite-migration.test.mjs apps/api/test/pipeline-api-core.test.mjs apps/app/test/pipeline-command-key-store.test.mjs apps/app/test/pipeline-editor-model.test.mjs packages/action-registry/test/actions.test.mjs packages/agent-action-runtime/test/governed-action-runtime.test.mjs packages/agent-action-runtime/test/prisma-stores.test.mjs packages/business-os-core/test/core.test.mjs packages/integration-runtime/test/integration.test.mjs packages/migration-core/test/migration.test.mjs packages/migration-runtime/test/runtime.test.mjs packages/pipeline-core/test/pipeline.test.mjs packages/pipeline-runtime/test/prisma-adapter.test.mjs packages/pipeline-runtime/test/runtime.test.mjs packages/security-core/test/credential-codec.test.mjs packages/security-core/test/credential-vault.test.mjs packages/security-core/test/tenant-boundary.test.mjs scripts/tests/repository-audit.test.mjs tools/quality/test/agent-action-boundary-audit.test.mjs tools/quality/test/pipeline-api-boundary.test.mjs
cwd=/mnt/data/crm_pipe_api_003_work/crm-release
startedAt=2026-09-01T15:15:20.625Z
endedAt=2026-09-01T15:15:22.275Z
status=passed critical=true rc=0 durationMs=1650
TAP version 13
# Subtest: the dependency-free service core delegates only through the governed executor
ok 1 - the dependency-free service core delegates only through the governed executor
  ---
  duration_ms: 14.75582
  type: 'test'
  ...
# Subtest: the production service composition uses the same governed path
ok 2 - the production service composition uses the same governed path
  ---
  duration_ms: 0.680083
  type: 'test'
  ...
# Subtest: requires an explicit catalog-only registry
ok 3 - requires an explicit catalog-only registry
  ---
  duration_ms: 0.370047
  type: 'test'
  ...
# Subtest: rejects model attempts to provide execution context or control fields
ok 4 - rejects model attempts to provide execution context or control fields
  ---
  duration_ms: 0.404629
  type: 'test'
  ...
# Subtest: rejects invalid input before any action executor side effect
ok 5 - rejects invalid input before any action executor side effect
  ---
  duration_ms: 0.434624
  type: 'test'
  ...
# Subtest: rejects invalid cancellation objects and unknown execution options
ok 6 - rejects invalid cancellation objects and unknown execution options
  ---
  duration_ms: 0.335234
  type: 'test'
  ...
# Subtest: the Prisma composition persists receipts and audit through the governed path
ok 7 - the Prisma composition persists receipts and audit through the governed path
  ---
  duration_ms: 1.940059
  type: 'test'
  ...
# Subtest: the Prisma composition fails fast when governance dependencies are missing
ok 8 - the Prisma composition fails fast when governance dependencies are missing
  ---
  duration_ms: 0.291519
  type: 'test'
  ...
# Subtest: publishes only the two governed external run actions
ok 9 - publishes only the two governed external run actions
  ---
  duration_ms: 25.665944
  type: 'test'
  ...
# Subtest: passes the full governed idempotency envelope to the CRM side effect
ok 10 - passes the full governed idempotency envelope to the CRM side effect
  ---
  duration_ms: 5.295016
  type: 'test'
  ...
# Subtest: replays a completed governed receipt without repeating the business side effect
ok 11 - replays a completed governed receipt without repeating the business side effect
  ---
  duration_ms: 1.600027
  type: 'test'
  ...
# Subtest: rejects reuse of one run call for different business input
ok 12 - rejects reuse of one run call for different business input
  ---
  duration_ms: 2.052898
  type: 'test'
  ...
# Subtest: denies execution before the side effect when object authorization fails
ok 13 - denies execution before the side effect when object authorization fails
  ---
  duration_ms: 0.988717
  type: 'test'
  ...
# Subtest: rejects model/control-field injection and invalid business input
ok 14 - rejects model/control-field injection and invalid business input
  ---
  duration_ms: 0.487354
  type: 'test'
  ...
# Subtest: honors cancellation before acquiring or executing a side effect
ok 15 - honors cancellation before acquiring or executing a side effect
  ---
  duration_ms: 0.575235
  type: 'test'
  ...
# Subtest: routes Slack through the same governed receipt and execution envelope
ok 16 - routes Slack through the same governed receipt and execution envelope
  ---
  duration_ms: 1.728922
  type: 'test'
  ...
# Subtest: rejects accessor-backed request fields without invoking application code
ok 17 - rejects accessor-backed request fields without invoking application code
  ---
  duration_ms: 0.524178
  type: 'test'
  ...
# Subtest: rejects accessor-backed business input without evaluating its getter
ok 18 - rejects accessor-backed business input without evaluating its getter
  ---
  duration_ms: 0.452872
  type: 'test'
  ...
# Subtest: rejects ambiguous identifier separators before deriving an idempotency key
ok 19 - rejects ambiguous identifier separators before deriving an idempotency key
  ---
  duration_ms: 0.394314
  type: 'test'
  ...
# Subtest: rejects malformed policy decisions before acquiring a receipt
ok 20 - rejects malformed policy decisions before acquiring a receipt
  ---
  duration_ms: 0.622136
  type: 'test'
  ...
# Subtest: rejects misspelled runtime dependencies instead of ignoring configuration
ok 21 - rejects misspelled runtime dependencies instead of ignoring configuration
  ---
  duration_ms: 0.247723
  type: 'test'
  ...
# Subtest: agent runner tools invoke only the governed run-action bridge
ok 22 - agent runner tools invoke only the governed run-action bridge
  ---
  duration_ms: 4.988325
  type: 'test'
  ...
# Subtest: the governed bridge is the sole production caller of low-level run side effects
ok 23 - the governed bridge is the sole production caller of low-level run side effects
  ---
  duration_ms: 88.811844
  type: 'test'
  ...
# Subtest: run-runtime requires the governed envelope and no longer exposes legacy entrypoints
ok 24 - run-runtime requires the governed envelope and no longer exposes legacy entrypoints
  ---
  duration_ms: 0.786763
  type: 'test'
  ...
# Subtest: run.summary remains a run-control capability instead of becoming an external side effect
ok 25 - run.summary remains a run-control capability instead of becoming an external side effect
  ---
  duration_ms: 0.750509
  type: 'test'
  ...
# Subtest: maps workspace roles to least-privilege pipeline permissions
ok 26 - maps workspace roles to least-privilege pipeline permissions
  ---
  duration_ms: 2.499471
  type: 'test'
  ...
# Subtest: creates deterministic server-owned pipeline and stage identifiers
ok 27 - creates deterministic server-owned pipeline and stage identifiers
  ---
  duration_ms: 2.267191
  type: 'test'
  ...
# Subtest: preserves an explicit default request in the canonical create payload
ok 28 - preserves an explicit default request in the canonical create payload
  ---
  duration_ms: 0.384678
  type: 'test'
  ...
# Subtest: different tenants and command keys produce different server IDs
ok 29 - different tenants and command keys produce different server IDs
  ---
  duration_ms: 0.15234
  type: 'test'
  ...
# Subtest: preserves existing stage identity during update and creates only new IDs
ok 30 - preserves existing stage identity during update and creates only new IDs
  ---
  duration_ms: 0.601175
  type: 'test'
  ...
# Subtest: rejects foreign stage IDs and unknown transition keys
ok 31 - rejects foreign stage IDs and unknown transition keys
  ---
  duration_ms: 0.485861
  type: 'test'
  ...
# Subtest: rejects client-owned IDs on create and mismatched pipeline IDs on update
ok 32 - rejects client-owned IDs on create and mismatched pipeline IDs on update
  ---
  duration_ms: 0.465671
  type: 'test'
  ...
# Subtest: command payload excludes idempotency metadata and is immutable
ok 33 - command payload excludes idempotency metadata and is immutable
  ---
  duration_ms: 0.15332
  type: 'test'
  ...
# Subtest: command payload rejects unknown and accessor-backed input
ok 34 - command payload rejects unknown and accessor-backed input
  ---
  duration_ms: 0.321874
  type: 'test'
  ...
# Subtest: API output hides tenant identity and exposes transition keys
ok 35 - API output hides tenant identity and exposes transition keys
  ---
  duration_ms: 0.539582
  type: 'test'
  ...
# Subtest: reuses the same key for a retry of an unchanged command
ok 36 - reuses the same key for a retry of an unchanged command
  ---
  duration_ms: 0.817951
  type: 'test'
  ...
# Subtest: rotates the key when the command payload changes
ok 37 - rotates the key when the command payload changes
  ---
  duration_ms: 0.165358
  type: 'test'
  ...
# Subtest: clears only the key that completed
ok 38 - clears only the key that completed
  ---
  duration_ms: 0.839443
  type: 'test'
  ...
# Subtest: bounds retained failed-command keys
ok 39 - bounds retained failed-command keys
  ---
  duration_ms: 0.140862
  type: 'test'
  ...
# Subtest: rejects malformed scopes, fingerprints and generated keys
ok 40 - rejects malformed scopes, fingerprints and generated keys
  ---
  duration_ms: 0.524529
  type: 'test'
  ...
# Subtest: default draft is complete and valid
ok 41 - default draft is complete and valid
  ---
  duration_ms: 2.430687
  type: 'test'
  ...
# Subtest: renaming a stage key updates transition references
ok 42 - renaming a stage key updates transition references
  ---
  duration_ms: 0.329146
  type: 'test'
  ...
# Subtest: terminal and open stage probabilities remain deterministic
ok 43 - terminal and open stage probabilities remain deterministic
  ---
  duration_ms: 0.177427
  type: 'test'
  ...
# Subtest: reordering and removal keep contiguous positions and remove dangling transitions
ok 44 - reordering and removal keep contiguous positions and remove dangling transitions
  ---
  duration_ms: 0.337347
  type: 'test'
  ...
# Subtest: create mutation excludes server-owned identity and preserves default intent
ok 45 - create mutation excludes server-owned identity and preserves default intent
  ---
  duration_ms: 0.414874
  type: 'test'
  ...
# Subtest: update mutation preserves optimistic version and existing stage identity
ok 46 - update mutation preserves optimistic version and existing stage identity
  ---
  duration_ms: 0.461174
  type: 'test'
  ...
# Subtest: validation rejects malformed probabilities, colors, positions and transitions
ok 47 - validation rejects malformed probabilities, colors, positions and transitions
  ---
  duration_ms: 0.208394
  type: 'test'
  ...
# Subtest: mutation conversion refuses invalid drafts and idempotency keys
ok 48 - mutation conversion refuses invalid drafts and idempotency keys
  ---
  duration_ms: 0.417578
  type: 'test'
  ...
# Subtest: registers immutable typed action entries without exposing a direct execution path
ok 49 - registers immutable typed action entries without exposing a direct execution path
  ---
  duration_ms: 1.43543
  type: 'test'
  ...
# Subtest: normalizes legacy risk and idempotency vocabulary into the governed runtime contract
ok 50 - normalizes legacy risk and idempotency vocabulary into the governed runtime contract
  ---
  duration_ms: 0.341874
  type: 'test'
  ...
# Subtest: converts JSON schemas into runtime validators
ok 51 - converts JSON schemas into runtime validators
  ---
  duration_ms: 1.041777
  type: 'test'
  ...
# Subtest: defensively snapshots schemas, metadata, permissions and retry configuration
ok 52 - defensively snapshots schemas, metadata, permissions and retry configuration
  ---
  duration_ms: 0.356066
  type: 'test'
  ...
# Subtest: rejects duplicate action identifiers
ok 53 - rejects duplicate action identifiers
  ---
  duration_ms: 0.310978
  type: 'test'
  ...
# Subtest: rejects execution-state options because execution belongs to the governed runtime
ok 54 - rejects execution-state options because execution belongs to the governed runtime
  ---
  duration_ms: 0.130446
  type: 'test'
  ...
# Subtest: rejects a mutating manifest without idempotency
ok 55 - rejects a mutating manifest without idempotency
  ---
  duration_ms: 0.175264
  type: 'test'
  ...
# Subtest: rejects manifests without explicit permissions
ok 56 - rejects manifests without explicit permissions
  ---
  duration_ms: 0.737099
  type: 'test'
  ...
# Subtest: rejects unsafe retry policies for mutating actions
ok 57 - rejects unsafe retry policies for mutating actions
  ---
  duration_ms: 0.493343
  type: 'test'
  ...
# Subtest: rejects non-integer and non-finite retry configuration
ok 58 - rejects non-integer and non-finite retry configuration
  ---
  duration_ms: 0.569116
  type: 'test'
  ...
# Subtest: registerMany accepts tuple and entry forms and returns stable sorted manifests
ok 59 - registerMany accepts tuple and entry forms and returns stable sorted manifests
  ---
  duration_ms: 6.390434
  type: 'test'
  ...
# Subtest: requires own properties instead of inherited prototype properties
ok 60 - requires own properties instead of inherited prototype properties
  ---
  duration_ms: 0.195444
  type: 'test'
  ...
# Subtest: rejects unsafe JSON-schema and metadata object keys
ok 61 - rejects unsafe JSON-schema and metadata object keys
  ---
  duration_ms: 0.426321
  type: 'test'
  ...
# Subtest: executes a validated authorized action and records redacted audit events
ok 62 - executes a validated authorized action and records redacted audit events
  ---
  duration_ms: 4.45338
  type: 'test'
  ...
# Subtest: rejects tenant ownership fields at any nesting depth
ok 63 - rejects tenant ownership fields at any nesting depth
  ---
  duration_ms: 0.602877
  type: 'test'
  ...
# Subtest: rejects missing permissions and object-level authorization
ok 64 - rejects missing permissions and object-level authorization
  ---
  duration_ms: 0.466202
  type: 'test'
  ...
# Subtest: replays a completed idempotent result without executing again
ok 65 - replays a completed idempotent result without executing again
  ---
  duration_ms: 0.944431
  type: 'test'
  ...
# Subtest: rejects reuse of an idempotency key for another payload
ok 66 - rejects reuse of an idempotency key for another payload
  ---
  duration_ms: 0.685982
  type: 'test'
  ...
# Subtest: rejects changed payload after an approval failure acquired the same idempotency key
ok 67 - rejects changed payload after an approval failure acquired the same idempotency key
  ---
  duration_ms: 0.618641
  type: 'test'
  ...
# Subtest: allows only one concurrent execution for the same receipt
ok 68 - allows only one concurrent execution for the same receipt
  ---
  duration_ms: 6.053578
  type: 'test'
  ...
# Subtest: requires payload-bound tenant-bound approval for high-risk actions
ok 69 - requires payload-bound tenant-bound approval for high-risk actions
  ---
  duration_ms: 1.798105
  type: 'test'
  ...
# Subtest: rejects approval bound to another tenant or modified payload
ok 70 - rejects approval bound to another tenant or modified payload
  ---
  duration_ms: 0.840174
  type: 'test'
  ...
# Subtest: times out a non-cooperative executor and records failure
ok 71 - times out a non-cooperative executor and records failure
  ---
  duration_ms: 21.837293
  type: 'test'
  ...
# Subtest: propagates cancellation and does not retry it
ok 72 - propagates cancellation and does not retry it
  ---
  duration_ms: 0.546172
  type: 'test'
  ...
# Subtest: keeps the success receipt when the success audit write fails
ok 73 - keeps the success receipt when the success audit write fails
  ---
  duration_ms: 0.598731
  type: 'test'
  ...
# Subtest: propagates the operation digest and idempotency key to the executor
ok 74 - propagates the operation digest and idempotency key to the executor
  ---
  duration_ms: 0.410859
  type: 'test'
  ...
# Subtest: validates untrusted model input and executor output
ok 75 - validates untrusted model input and executor output
  ---
  duration_ms: 0.567343
  type: 'test'
  ...
# Subtest: rejects mutating manifests without idempotency
ok 76 - rejects mutating manifests without idempotency
  ---
  duration_ms: 0.156004
  type: 'test'
  ...
# Subtest: rejects manifests without explicit permissions
ok 77 - rejects manifests without explicit permissions
  ---
  duration_ms: 0.138088
  type: 'test'
  ...
# Subtest: rejects non-integer, non-finite and unsafe retry policies
ok 78 - rejects non-integer, non-finite and unsafe retry policies
  ---
  duration_ms: 0.522686
  type: 'test'
  ...
# Subtest: passes an immutable permission snapshot to validators, policy and executor
ok 79 - passes an immutable permission snapshot to validators, policy and executor
  ---
  duration_ms: 0.447834
  type: 'test'
  ...
# Subtest: passes immutable validated input to business validation and authorization
ok 80 - passes immutable validated input to business validation and authorization
  ---
  duration_ms: 0.456717
  type: 'test'
  ...
# Subtest: rejects invalid clock values before durable state mutation
ok 81 - rejects invalid clock values before durable state mutation
  ---
  duration_ms: 0.328033
  type: 'test'
  ...
# Subtest: rejects plain object registries that could expose prototype-backed actions
ok 82 - rejects plain object registries that could expose prototype-backed actions
  ---
  duration_ms: 0.142334
  type: 'test'
  ...
# Subtest: invalid approval expiry is rejected instead of being treated as non-expiring
ok 83 - invalid approval expiry is rejected instead of being treated as non-expiring
  ---
  duration_ms: 0.836028
  type: 'test'
  ...
# Subtest: rejects unknown request and execution-option control fields
ok 84 - rejects unknown request and execution-option control fields
  ---
  duration_ms: 0.250356
  type: 'test'
  ...
# Subtest: requires both input and output validators even for a custom registry implementation
ok 85 - requires both input and output validators even for a custom registry implementation
  ---
  duration_ms: 0.27913
  type: 'test'
  ...
# Subtest: normalizes failures from business validation, authorization and policy evaluation
ok 86 - normalizes failures from business validation, authorization and policy evaluation
  ---
  duration_ms: 0.43834
  type: 'test'
  ...
# Subtest: redacts common secret values even when the property name is generic
ok 87 - redacts common secret values even when the property name is generic
  ---
  duration_ms: 0.373592
  type: 'test'
  ...
# Subtest: memory receipt store validates its lease configuration and fails closed on lost leases
ok 88 - memory receipt store validates its lease configuration and fails closed on lost leases
  ---
  duration_ms: 0.196276
  type: 'test'
  ...
# Subtest: a pre-aborted request does not acquire a receipt, consume approval or call an executor
ok 89 - a pre-aborted request does not acquire a receipt, consume approval or call an executor
  ---
  duration_ms: 0.237057
  type: 'test'
  ...
# Subtest: canonical JSON rejects cyclic arrays and unsafe object keys
ok 90 - canonical JSON rejects cyclic arrays and unsafe object keys
  ---
  duration_ms: 0.250947
  type: 'test'
  ...
# Subtest: audit redaction stores unsafe property names without invoking prototype setters
ok 91 - audit redaction stores unsafe property names without invoking prototype setters
  ---
  duration_ms: 0.090246
  type: 'test'
  ...
# Subtest: rejects malformed trusted correlation identifiers
ok 92 - rejects malformed trusted correlation identifiers
  ---
  duration_ms: 0.166511
  type: 'test'
  ...
# Subtest: fails closed when policy approval metadata is malformed
ok 93 - fails closed when policy approval metadata is malformed
  ---
  duration_ms: 0.194082
  type: 'test'
  ...
# Subtest: rejects non-plain request objects without invoking custom serialization hooks
ok 94 - rejects non-plain request objects without invoking custom serialization hooks
  ---
  duration_ms: 0.13968
  type: 'test'
  ...
# Subtest: revalidates validator-transformed input for tenant ownership fields
ok 95 - revalidates validator-transformed input for tenant ownership fields
  ---
  duration_ms: 0.198989
  type: 'test'
  ...
# Subtest: receipt store atomically acquires, completes and replays
ok 96 - receipt store atomically acquires, completes and replays
  ---
  duration_ms: 2.500763
  type: 'test'
  ...
# Subtest: receipt rejects same key with another digest
ok 97 - receipt rejects same key with another digest
  ---
  duration_ms: 0.647844
  type: 'test'
  ...
# Subtest: receipt completion requires the acquired lease token
ok 98 - receipt completion requires the acquired lease token
  ---
  duration_ms: 0.868847
  type: 'test'
  ...
# Subtest: approval consumption is tenant, action, digest and expiry bound
ok 99 - approval consumption is tenant, action, digest and expiry bound
  ---
  duration_ms: 0.374153
  type: 'test'
  ...
# Subtest: audit sink redacts secret-bearing properties
ok 100 - audit sink redacts secret-bearing properties
  ---
  duration_ms: 0.909178
  type: 'test'
  ...
# Subtest: canonical JSON is stable across object key order
ok 101 - canonical JSON is stable across object key order
  ---
  duration_ms: 1.091011
  type: 'test'
  ...
# Subtest: idempotency key is deterministic and tenant scoped
ok 102 - idempotency key is deterministic and tenant scoped
  ---
  duration_ms: 0.637128
  type: 'test'
  ...
# Subtest: money avoids floating point and uses explicit rounding
ok 103 - money avoids floating point and uses explicit rounding
  ---
  duration_ms: 0.468374
  type: 'test'
  ...
# Subtest: agent policy is deny by default and approval is payload-bound
ok 104 - agent policy is deny by default and approval is payload-bound
  ---
  duration_ms: 0.47912
  type: 'test'
  ...
# Subtest: retry is bounded and uses injected deterministic sleep
ok 105 - retry is bounded and uses injected deterministic sleep
  ---
  duration_ms: 1.088558
  type: 'test'
  ...
# Subtest: integration URL policy blocks local, credential and rebinding targets
ok 106 - integration URL policy blocks local, credential and rebinding targets
  ---
  duration_ms: 4.324636
  type: 'test'
  ...
# Subtest: pipeline validates terminal semantics and transition policy
ok 107 - pipeline validates terminal semantics and transition policy
  ---
  duration_ms: 0.38592
  type: 'test'
  ...
# Subtest: deal health returns deterministic evidence factors
ok 108 - deal health returns deterministic evidence factors
  ---
  duration_ms: 0.679012
  type: 'test'
  ...
# Subtest: contact normalization supports Uzbekistan and safe mapping errors
ok 109 - contact normalization supports Uzbekistan and safe mapping errors
  ---
  duration_ms: 0.534104
  type: 'test'
  ...
# Subtest: ROI calculation uses integer arithmetic
ok 110 - ROI calculation uses integer arithmetic
  ---
  duration_ms: 0.498009
  type: 'test'
  ...
# Subtest: approval payload hash changes when action data changes
ok 111 - approval payload hash changes when action data changes
  ---
  duration_ms: 0.189135
  type: 'test'
  ...
# Subtest: blocks private, loopback, link-local, metadata, documentation and multicast IP ranges
ok 112 - blocks private, loopback, link-local, metadata, documentation and multicast IP ranges
  ---
  duration_ms: 4.413569
  type: 'test'
  ...
# Subtest: rejects URL credentials and DNS rebinding to a private address
ok 113 - rejects URL credentials and DNS rebinding to a private address
  ---
  duration_ms: 0.763829
  type: 'test'
  ...
# Subtest: enforces connector host allowlists
ok 114 - enforces connector host allowlists
  ---
  duration_ms: 0.214633
  type: 'test'
  ...
# Subtest: executes a pinned bounded request and parses JSON
ok 115 - executes a pinned bounded request and parses JSON
  ---
  duration_ms: 14.784251
  type: 'test'
  ...
# Subtest: rejects mutation retry without idempotency
ok 116 - rejects mutation retry without idempotency
  ---
  duration_ms: 0.257628
  type: 'test'
  ...
# Subtest: rejects redirect to a private destination
ok 117 - rejects redirect to a private destination
  ---
  duration_ms: 4.345347
  type: 'test'
  ...
# Subtest: verifies HMAC webhooks and rejects replay
ok 118 - verifies HMAC webhooks and rejects replay
  ---
  duration_ms: 1.011912
  type: 'test'
  ...
# Subtest: rejects tampered webhook body
ok 119 - rejects tampered webhook body
  ---
  duration_ms: 0.321133
  type: 'test'
  ...
# Subtest: compiles bounded OpenAPI operations and classifies risk
ok 120 - compiles bounded OpenAPI operations and classifies risk
  ---
  duration_ms: 0.564359
  type: 'test'
  ...
# Subtest: rejects external OpenAPI references
ok 121 - rejects external OpenAPI references
  ---
  duration_ms: 0.331509
  type: 'test'
  ...
# Subtest: rejects malformed resolver results before opening a socket
ok 122 - rejects malformed resolver results before opening a socket
  ---
  duration_ms: 0.253501
  type: 'test'
  ...
# Subtest: validates the retry-delay boundary
ok 123 - validates the retry-delay boundary
  ---
  duration_ms: 0.141783
  type: 'test'
  ...
# Subtest: enforces a total request deadline even while response bytes keep arriving
ok 124 - enforces a total request deadline even while response bytes keep arriving
  ---
  duration_ms: 102.183712
  type: 'test'
  ...
# Subtest: parses RFC4180 quoted commas, newlines, and escaped quotes
ok 125 - parses RFC4180 quoted commas, newlines, and escaped quotes
  ---
  duration_ms: 2.337647
  type: 'test'
  ...
# Subtest: detects a semicolon delimiter
ok 126 - detects a semicolon delimiter
  ---
  duration_ms: 0.356627
  type: 'test'
  ...
# Subtest: removes UTF-8 BOM from the first header
ok 127 - removes UTF-8 BOM from the first header
  ---
  duration_ms: 0.10693
  type: 'test'
  ...
# Subtest: rejects an unclosed quote
ok 128 - rejects an unclosed quote
  ---
  duration_ms: 0.37861
  type: 'test'
  ...
# Subtest: rejects duplicate normalized headers
ok 129 - rejects duplicate normalized headers
  ---
  duration_ms: 0.185299
  type: 'test'
  ...
# Subtest: enforces row limits
ok 130 - enforces row limits
  ---
  duration_ms: 0.118558
  type: 'test'
  ...
# Subtest: neutralizes spreadsheet formulas in exported reports
ok 131 - neutralizes spreadsheet formulas in exported reports
  ---
  duration_ms: 0.202795
  type: 'test'
  ...
# Subtest: serializes error reports with formula protection
ok 132 - serializes error reports with formula protection
  ---
  duration_ms: 0.25265
  type: 'test'
  ...
# Subtest: parses money deterministically in minor units
ok 133 - parses money deterministically in minor units
  ---
  duration_ms: 0.477208
  type: 'test'
  ...
# Subtest: normalizes Uzbekistan phone numbers
ok 134 - normalizes Uzbekistan phone numbers
  ---
  duration_ms: 0.395094
  type: 'test'
  ...
# Subtest: validates extension, MIME, and XLSX ZIP signature
ok 135 - validates extension, MIME, and XLSX ZIP signature
  ---
  duration_ms: 0.338339
  type: 'test'
  ...
# Subtest: compiles deterministic mappings and validates required fields
ok 136 - compiles deterministic mappings and validates required fields
  ---
  duration_ms: 0.28531
  type: 'test'
  ...
# Subtest: creates deterministic dry-run batches and duplicate issues
ok 137 - creates deterministic dry-run batches and duplicate issues
  ---
  duration_ms: 1.644825
  type: 'test'
  ...
# Subtest: marks existing-record matches as warnings without silently dropping the row
ok 138 - marks existing-record matches as warnings without silently dropping the row
  ---
  duration_ms: 0.269485
  type: 'test'
  ...
# Subtest: rejects invalid state transitions
ok 139 - rejects invalid state transitions
  ---
  duration_ms: 1.009098
  type: 'test'
  ...
# Subtest: rejects a dry-run from another tenant
ok 140 - rejects a dry-run from another tenant
  ---
  duration_ms: 1.352505
  type: 'test'
  ...
# Subtest: processes bounded batches and completes after the last checkpoint
ok 141 - processes bounded batches and completes after the last checkpoint
  ---
  duration_ms: 2.344547
  type: 'test'
  ...
# Subtest: concurrent workers claim distinct batches and never duplicate the same lease
ok 142 - concurrent workers claim distinct batches and never duplicate the same lease
  ---
  duration_ms: 4.68607
  type: 'test'
  ...
# Subtest: an expired RUNNING lease is reclaimed with the same operation identity
ok 143 - an expired RUNNING lease is reclaimed with the same operation identity
  ---
  duration_ms: 1.998096
  type: 'test'
  ...
# Subtest: retries a transient failure with the same idempotency key
ok 144 - retries a transient failure with the same idempotency key
  ---
  duration_ms: 0.849999
  type: 'test'
  ...
# Subtest: moves a poison batch and job to FAILED after bounded attempts
ok 145 - moves a poison batch and job to FAILED after bounded attempts
  ---
  duration_ms: 0.804701
  type: 'test'
  ...
# Subtest: cancellation is terminal and prevents execution
ok 146 - cancellation is terminal and prevents execution
  ---
  duration_ms: 0.388995
  type: 'test'
  ...
# Subtest: normalizes a safe pipeline slug
ok 147 - normalizes a safe pipeline slug
  ---
  duration_ms: 0.964311
  type: 'test'
  ...
# Subtest: accepts a complete pipeline definition
ok 148 - accepts a complete pipeline definition
  ---
  duration_ms: 0.674845
  type: 'test'
  ...
# Subtest: rejects duplicate stage IDs
ok 149 - rejects duplicate stage IDs
  ---
  duration_ms: 0.556286
  type: 'test'
  ...
# Subtest: rejects non-contiguous positions
ok 150 - rejects non-contiguous positions
  ---
  duration_ms: 0.335625
  type: 'test'
  ...
# Subtest: rejects invalid terminal probability
ok 151 - rejects invalid terminal probability
  ---
  duration_ms: 0.163606
  type: 'test'
  ...
# Subtest: rejects an archived default pipeline
ok 152 - rejects an archived default pipeline
  ---
  duration_ms: 0.216175
  type: 'test'
  ...
# Subtest: plans an allowed transition with optimistic version increment
ok 153 - plans an allowed transition with optimistic version increment
  ---
  duration_ms: 0.362014
  type: 'test'
  ...
# Subtest: treats same-stage movement as idempotent
ok 154 - treats same-stage movement as idempotent
  ---
  duration_ms: 0.144176
  type: 'test'
  ...
# Subtest: rejects a transition that violates stage rules
ok 155 - rejects a transition that violates stage rules
  ---
  duration_ms: 0.294593
  type: 'test'
  ...
# Subtest: rejects stale optimistic version
ok 156 - rejects stale optimistic version
  ---
  duration_ms: 0.350477
  type: 'test'
  ...
# Subtest: rejects cross-tenant assignment
ok 157 - rejects cross-tenant assignment
  ---
  duration_ms: 0.2064
  type: 'test'
  ...
# Subtest: requires explicit permission to reopen a terminal deal
ok 158 - requires explicit permission to reopen a terminal deal
  ---
  duration_ms: 0.138268
  type: 'test'
  ...
# Subtest: allows an explicitly authorized terminal reopen
ok 159 - allows an explicitly authorized terminal reopen
  ---
  duration_ms: 0.129405
  type: 'test'
  ...
# Subtest: builds deterministic legacy assignments
ok 160 - builds deterministic legacy assignments
  ---
  duration_ms: 0.728536
  type: 'test'
  ...
# Subtest: fails closed when a legacy stage has no mapping
ok 161 - fails closed when a legacy stage has no mapping
  ---
  duration_ms: 0.286922
  type: 'test'
  ...
# Subtest: calculates exact minor-unit analytics without floating point
ok 162 - calculates exact minor-unit analytics without floating point
  ---
  duration_ms: 0.654845
  type: 'test'
  ...
# Subtest: maps Prisma pipeline rows into the domain shape
ok 163 - maps Prisma pipeline rows into the domain shape
  ---
  duration_ms: 1.902432
  type: 'test'
  ...
# Subtest: scopes every pipeline read by workspace and bounds the list
ok 164 - scopes every pipeline read by workspace and bounds the list
  ---
  duration_ms: 0.886183
  type: 'test'
  ...
# Subtest: uses serializable interactive transactions
ok 165 - uses serializable interactive transactions
  ---
  duration_ms: 0.284127
  type: 'test'
  ...
# Subtest: retries only bounded Prisma serialization conflicts
ok 166 - retries only bounded Prisma serialization conflicts
  ---
  duration_ms: 0.420452
  type: 'test'
  ...
# Subtest: does not retry permanent Prisma errors
ok 167 - does not retry permanent Prisma errors
  ---
  duration_ms: 0.300302
  type: 'test'
  ...
# Subtest: maps exhausted serialization retries to a stable runtime error
ok 168 - maps exhausted serialization retries to a stable runtime error
  ---
  duration_ms: 0.533172
  type: 'test'
  ...
# Subtest: rejects an invalid retry jitter source before sleeping
ok 169 - rejects an invalid retry jitter source before sleeping
  ---
  duration_ms: 0.269415
  type: 'test'
  ...
# Subtest: persists command receipts and audit events using workspace-owned fields
ok 170 - persists command receipts and audit events using workspace-owned fields
  ---
  duration_ms: 0.28632
  type: 'test'
  ...
# Subtest: enforces the maximum number of pipelines inside the transaction
ok 171 - enforces the maximum number of pipelines inside the transaction
  ---
  duration_ms: 1.30292
  type: 'test'
  ...
# Subtest: atomically hands off the default during pipeline creation
ok 172 - atomically hands off the default during pipeline creation
  ---
  duration_ms: 0.720114
  type: 'test'
  ...
# Subtest: maps a duplicate slug to a stable domain error
ok 173 - maps a duplicate slug to a stable domain error
  ---
  duration_ms: 0.362916
  type: 'test'
  ...
# Subtest: neutralizes stage keys and positions before an ordered replacement
ok 174 - neutralizes stage keys and positions before an ordered replacement
  ---
  duration_ms: 1.246936
  type: 'test'
  ...
# Subtest: blocks removal of a stage that already owns assignments
ok 175 - blocks removal of a stage that already owns assignments
  ---
  duration_ms: 0.309776
  type: 'test'
  ...
# Subtest: maps a foreign-key race during stage deletion to STAGE_IN_USE
ok 176 - maps a foreign-key race during stage deletion to STAGE_IN_USE
  ---
  duration_ms: 0.409446
  type: 'test'
  ...
# Subtest: sets the default pipeline with an optimistic version predicate
ok 177 - sets the default pipeline with an optimistic version predicate
  ---
  duration_ms: 0.264167
  type: 'test'
  ...
# Subtest: rejects a stale default-pipeline request before changing any defaults
ok 178 - rejects a stale default-pipeline request before changing any defaults
  ---
  duration_ms: 0.1727
  type: 'test'
  ...
# Subtest: creates an idempotent pipeline and writes one audit event
ok 179 - creates an idempotent pipeline and writes one audit event
  ---
  duration_ms: 4.518898
  type: 'test'
  ...
# Subtest: forces the first pipeline to default even when the caller does not request it
ok 180 - forces the first pipeline to default even when the caller does not request it
  ---
  duration_ms: 1.09674
  type: 'test'
  ...
# Subtest: atomically promotes an explicitly default second pipeline during creation
ok 181 - atomically promotes an explicitly default second pipeline during creation
  ---
  duration_ms: 6.844568
  type: 'test'
  ...
# Subtest: keeps an explicitly non-default later pipeline non-default
ok 182 - keeps an explicitly non-default later pipeline non-default
  ---
  duration_ms: 0.765451
  type: 'test'
  ...
# Subtest: replays a concurrently committed command after a deterministic mutation race
ok 183 - replays a concurrently committed command after a deterministic mutation race
  ---
  duration_ms: 0.764831
  type: 'test'
  ...
# Subtest: canonical payload hashing never invokes object or array accessors
ok 184 - canonical payload hashing never invokes object or array accessors
  ---
  duration_ms: 0.430288
  type: 'test'
  ...
# Subtest: canonical payload hashing rejects cycles, sparse arrays and custom serialization
ok 185 - canonical payload hashing rejects cycles, sparse arrays and custom serialization
  ---
  duration_ms: 0.31222
  type: 'test'
  ...
# Subtest: replays a command by its stable API payload before service-side reads
ok 186 - replays a command by its stable API payload before service-side reads
  ---
  duration_ms: 0.828967
  type: 'test'
  ...
# Subtest: rejects an idempotency key reused with another payload
ok 187 - rejects an idempotency key reused with another payload
  ---
  duration_ms: 0.974666
  type: 'test'
  ...
# Subtest: rejects tenant ownership supplied for another tenant
ok 188 - rejects tenant ownership supplied for another tenant
  ---
  duration_ms: 0.382776
  type: 'test'
  ...
# Subtest: normalizes pipeline-domain validation failures at the runtime boundary
ok 189 - normalizes pipeline-domain validation failures at the runtime boundary
  ---
  duration_ms: 0.3326
  type: 'test'
  ...
# Subtest: enforces action permission at the operation boundary
ok 190 - enforces action permission at the operation boundary
  ---
  duration_ms: 0.217417
  type: 'test'
  ...
# Subtest: transitions a seeded deal with optimistic concurrency
ok 191 - transitions a seeded deal with optimistic concurrency
  ---
  duration_ms: 1.561689
  type: 'test'
  ...
# Subtest: serializes two concurrent transitions so only one stale version wins
ok 192 - serializes two concurrent transitions so only one stale version wins
  ---
  duration_ms: 1.293586
  type: 'test'
  ...
# Subtest: prevents deleting a stage that still owns a deal assignment
ok 193 - prevents deleting a stage that still owns a deal assignment
  ---
  duration_ms: 0.896489
  type: 'test'
  ...
# Subtest: atomically switches the default pipeline with optimistic concurrency
ok 194 - atomically switches the default pipeline with optimistic concurrency
  ---
  duration_ms: 1.067486
  type: 'test'
  ...
# Subtest: restore requires its own permission rather than archive permission
ok 195 - restore requires its own permission rather than archive permission
  ---
  duration_ms: 1.190961
  type: 'test'
  ...
# Subtest: in-memory keys do not collide when tenant and entity IDs contain colons
ok 196 - in-memory keys do not collide when tenant and entity IDs contain colons
  ---
  duration_ms: 0.29915
  type: 'test'
  ...
# Subtest: enforces the bounded pipeline count
ok 197 - enforces the bounded pipeline count
  ---
  duration_ms: 8.335741
  type: 'test'
  ...
# Subtest: givenPlainCredential_whenSealingAndOpening_thenReturnsValidatedPlaintext
ok 198 - givenPlainCredential_whenSealingAndOpening_thenReturnsValidatedPlaintext
  ---
  duration_ms: 3.172793
  type: 'test'
  ...
# Subtest: givenLegacyPlaintextAndStrictMode_whenOpening_thenRejects
ok 199 - givenLegacyPlaintextAndStrictMode_whenOpening_thenRejects
  ---
  duration_ms: 0.519031
  type: 'test'
  ...
# Subtest: givenLegacyPlaintextAndMigrationMode_whenOpening_thenMarksMigrationRequired
ok 200 - givenLegacyPlaintextAndMigrationMode_whenOpening_thenMarksMigrationRequired
  ---
  duration_ms: 0.331579
  type: 'test'
  ...
# Subtest: givenEncryptedValue_whenSealingAgain_thenPreventsDoubleEncryption
ok 201 - givenEncryptedValue_whenSealingAgain_thenPreventsDoubleEncryption
  ---
  duration_ms: 0.39853
  type: 'test'
  ...
# Subtest: givenValidContext_whenEncryptingAndDecrypting_thenRoundTripsWithoutPlaintextLeakage
ok 202 - givenValidContext_whenEncryptingAndDecrypting_thenRoundTripsWithoutPlaintextLeakage
  ---
  duration_ms: 2.763758
  type: 'test'
  ...
# Subtest: givenSamePlaintext_whenEncryptedTwice_thenRandomIvProducesDifferentEnvelopes
ok 203 - givenSamePlaintext_whenEncryptedTwice_thenRandomIvProducesDifferentEnvelopes
  ---
  duration_ms: 1.193676
  type: 'test'
  ...
# Subtest: givenWrongTenantContext_whenDecrypting_thenAuthenticationFails
ok 204 - givenWrongTenantContext_whenDecrypting_thenAuthenticationFails
  ---
  duration_ms: 0.621686
  type: 'test'
  ...
# Subtest: givenTamperedCiphertext_whenDecrypting_thenAuthenticationFails
ok 205 - givenTamperedCiphertext_whenDecrypting_thenAuthenticationFails
  ---
  duration_ms: 0.487063
  type: 'test'
  ...
# Subtest: givenMissingHistoricalKey_whenDecrypting_thenFailsWithoutLeakingSecret
ok 206 - givenMissingHistoricalKey_whenDecrypting_thenFailsWithoutLeakingSecret
  ---
  duration_ms: 0.515946
  type: 'test'
  ...
# Subtest: givenHistoricalKeyAndNewActiveKey_whenRotating_thenReencryptsWithNewKey
ok 207 - givenHistoricalKeyAndNewActiveKey_whenRotating_thenReencryptsWithNewKey
  ---
  duration_ms: 0.732542
  type: 'test'
  ...
# Subtest: givenPlaintext_whenDecrypting_thenRejectsImplicitLegacyFallback
ok 208 - givenPlaintext_whenDecrypting_thenRejectsImplicitLegacyFallback
  ---
  duration_ms: 0.262495
  type: 'test'
  ...
# Subtest: givenInvalidKeyLength_whenCreatingProvider_thenFailsFast
ok 209 - givenInvalidKeyLength_whenCreatingProvider_thenFailsFast
  ---
  duration_ms: 0.199049
  type: 'test'
  ...
# Subtest: givenEnvironmentKeyring_whenCreatingProvider_thenValidatesAndDecrypts
ok 210 - givenEnvironmentKeyring_whenCreatingProvider_thenValidatesAndDecrypts
  ---
  duration_ms: 0.63853
  type: 'test'
  ...
# Subtest: givenEnvelope_whenRedactingAndFingerprinting_thenNeverReturnsPlaintext
ok 211 - givenEnvelope_whenRedactingAndFingerprinting_thenNeverReturnsPlaintext
  ---
  duration_ms: 0.931782
  type: 'test'
  ...
# Subtest: givenOversizedPlaintext_whenEncrypting_thenRejectsBeforeEncryption
ok 212 - givenOversizedPlaintext_whenEncrypting_thenRejectsBeforeEncryption
  ---
  duration_ms: 0.310777
  type: 'test'
  ...
# Subtest: givenUnscopedWhere_whenScoping_thenInjectsActiveTenant
ok 213 - givenUnscopedWhere_whenScoping_thenInjectsActiveTenant
  ---
  duration_ms: 1.278063
  type: 'test'
  ...
# Subtest: givenCrossTenantSelector_whenScoping_thenRejects
ok 214 - givenCrossTenantSelector_whenScoping_thenRejects
  ---
  duration_ms: 0.428825
  type: 'test'
  ...
# Subtest: givenCreatePayloadForAnotherTenant_whenScoping_thenRejects
ok 215 - givenCreatePayloadForAnotherTenant_whenScoping_thenRejects
  ---
  duration_ms: 0.267462
  type: 'test'
  ...
# Subtest: givenAttemptedTenantReassignment_whenUpdating_thenRejects
ok 216 - givenAttemptedTenantReassignment_whenUpdating_thenRejects
  ---
  duration_ms: 0.147683
  type: 'test'
  ...
# Subtest: givenUniqueSelector_whenScoping_thenKeepsUniqueFieldAndAddsTenant
ok 217 - givenUniqueSelector_whenScoping_thenKeepsUniqueFieldAndAddsTenant
  ---
  duration_ms: 0.320593
  type: 'test'
  ...
# Subtest: givenSameOperationInDifferentTenants_whenBuildingIdempotencyKey_thenKeysDiffer
ok 218 - givenSameOperationInDifferentTenants_whenBuildingIdempotencyKey_thenKeysDiffer
  ---
  duration_ms: 0.635426
  type: 'test'
  ...
# Subtest: givenTenantScopedDelegate_whenReading_thenAlwaysInjectsTenantAndValidatesResults
ok 219 - givenTenantScopedDelegate_whenReading_thenAlwaysInjectsTenantAndValidatesResults
  ---
  duration_ms: 0.426532
  type: 'test'
  ...
# Subtest: givenCompromisedDelegateReturningAnotherTenant_whenReading_thenFailsClosed
ok 220 - givenCompromisedDelegateReturningAnotherTenant_whenReading_thenFailsClosed
  ---
  duration_ms: 0.250256
  type: 'test'
  ...
# Subtest: givenScopedMutation_whenUpdating_thenScopesWhereAndForbidsOwnershipChange
ok 221 - givenScopedMutation_whenUpdating_thenScopesWhereAndForbidsOwnershipChange
  ---
  duration_ms: 0.49144
  type: 'test'
  ...
# Subtest: givenPrototypePollutionKey_whenScoping_thenRejectsInput
ok 222 - givenPrototypePollutionKey_whenScoping_thenRejectsInput
  ---
  duration_ms: 0.368885
  type: 'test'
  ...
# Subtest: givenCallerSelectExcludesTenantField_whenReading_thenVerifiesInternallyAndRestoresRequestedShape
ok 223 - givenCallerSelectExcludesTenantField_whenReading_thenVerifiesInternallyAndRestoresRequestedShape
  ---
  duration_ms: 0.326542
  type: 'test'
  ...
# Subtest: given clean repository when audited then returns no findings
ok 224 - given clean repository when audited then returns no findings
  ---
  duration_ms: 7.1854
  type: 'test'
  ...
# Subtest: given UTF-8 BOM package manifest when audited then reports JSON_BOM
ok 225 - given UTF-8 BOM package manifest when audited then reports JSON_BOM
  ---
  duration_ms: 3.922281
  type: 'test'
  ...
# Subtest: given legacy identity in source when audited then reports it
ok 226 - given legacy identity in source when audited then reports it
  ---
  duration_ms: 2.411097
  type: 'test'
  ...
# Subtest: given secret-like token in source when audited then reports without exposing token
ok 227 - given secret-like token in source when audited then reports without exposing token
  ---
  duration_ms: 1.720558
  type: 'test'
  ...
# Subtest: given secret placeholder in .env.example when audited then does not treat it as committed secret
ok 228 - given secret placeholder in .env.example when audited then does not treat it as committed secret
  ---
  duration_ms: 2.817108
  type: 'test'
  ...
# Subtest: accepts the single governed executor boundary
ok 229 - accepts the single governed executor boundary
  ---
  duration_ms: 9.683648
  type: 'test'
  ...
# Subtest: reports direct catalog execution in production source
ok 230 - reports direct catalog execution in production source
  ---
  duration_ms: 3.120715
  type: 'test'
  ...
# Subtest: reports the removed parallel execution API
ok 231 - reports the removed parallel execution API
  ---
  duration_ms: 2.616407
  type: 'test'
  ...
# Subtest: reports direct executor calls outside the governed runtime
ok 232 - reports direct executor calls outside the governed runtime
  ---
  duration_ms: 6.68037
  type: 'test'
  ...
# Subtest: reports direct executor calls reached through a catalog lookup
ok 233 - reports direct executor calls reached through a catalog lookup
  ---
  duration_ms: 2.528805
  type: 'test'
  ...
# Subtest: excludes test and fixture paths from production findings
ok 234 - excludes test and fixture paths from production findings
  ---
  duration_ms: 6.18825
  type: 'test'
  ...
# Subtest: classifies the existing legacy dispatch as migration work instead of a hidden success
ok 235 - classifies the existing legacy dispatch as migration work instead of a hidden success
  ---
  duration_ms: 2.791129
  type: 'test'
  ...
# Subtest: accepts low-level run side effects only inside the governed bridge
ok 236 - accepts low-level run side effects only inside the governed bridge
  ---
  duration_ms: 4.897317
  type: 'test'
  ...
# Subtest: reports direct run side-effect calls outside the governed bridge
ok 237 - reports direct run side-effect calls outside the governed bridge
  ---
  duration_ms: 2.440312
  type: 'test'
  ...
# Subtest: reports removed direct run-action entrypoints as migration work
ok 238 - reports removed direct run-action entrypoints as migration work
  ---
  duration_ms: 2.277396
  type: 'test'
  ...
# Subtest: pipeline router is registered and requires authenticated interactive sessions
ok 239 - pipeline router is registered and requires authenticated interactive sessions
  ---
  duration_ms: 4.065727
  type: 'test'
  ...
# Subtest: pipeline mutations replay stable commands before reading mutable state
ok 240 - pipeline mutations replay stable commands before reading mutable state
  ---
  duration_ms: 1.141788
  type: 'test'
  ...
# Subtest: public pipeline contracts are strict and expose no tenant selector
ok 241 - public pipeline contracts are strict and expose no tenant selector
  ---
  duration_ms: 1.570863
  type: 'test'
  ...
# Subtest: pipeline persistence uses bounded reads and serializable optimistic mutations
ok 242 - pipeline persistence uses bounded reads and serializable optimistic mutations
  ---
  duration_ms: 0.673043
  type: 'test'
  ...
# Subtest: HTTP 412 remains a precondition failure at the tRPC error boundary
ok 243 - HTTP 412 remains a precondition failure at the tRPC error boundary
  ---
  duration_ms: 0.611831
  type: 'test'
  ...
# Subtest: generated client and accessible settings UI are connected without unsafe casts
ok 244 - generated client and accessible settings UI are connected without unsafe casts
  ---
  duration_ms: 1.386606
  type: 'test'
  ...
1..244
# tests 244
# suites 0
# pass 244
# fail 0
# cancelled 0
# skipped 0
# todo 0
# duration_ms 1621.216351

===== Configurable pipeline API structural verifier =====
$ /opt/nvm/versions/node/v22.16.0/bin/node tools/release/verify-pipeline-api-r3.mjs
cwd=/mnt/data/crm_pipe_api_003_work/crm-release
startedAt=2026-09-01T15:15:22.276Z
endedAt=2026-09-01T15:15:22.324Z
status=passed critical=true rc=0 durationMs=48
{"verified":true,"requiredFiles":11,"packageFiles":20}

===== Strict agent-action boundary regression audit =====
$ /opt/nvm/versions/node/v22.16.0/bin/node tools/quality/audit-agent-action-boundaries.mjs --check --strict-legacy
cwd=/mnt/data/crm_pipe_api_003_work/crm-release
startedAt=2026-09-01T15:15:22.324Z
endedAt=2026-09-01T15:15:22.418Z
status=passed critical=true rc=0 durationMs=94
{
  "generatedAt": "2026-09-01T15:15:22.413Z",
  "findingCount": 0,
  "errorCount": 0,
  "migrationCount": 0,
  "findings": [],
  "policy": {
    "checkFailsOn": [
      "error",
      "migration"
    ],
    "testsAndFixturesExcluded": true,
    "soleExecutorBoundary": "packages/agent-action-runtime/src/index.mjs"
  }
}

===== Manifest verifier =====
$ /opt/nvm/versions/node/v22.16.0/bin/node scripts/verify-manifests.mjs
cwd=/mnt/data/crm_pipe_api_003_work/crm-release
startedAt=2026-09-01T15:15:22.418Z
endedAt=2026-09-01T15:15:22.481Z
status=passed critical=true rc=0 durationMs=63
Verified 20 package.json manifest(s).

===== Repository identity, secret, BOM and JSON audit =====
$ /opt/nvm/versions/node/v22.16.0/bin/node scripts/repository-audit.mjs
cwd=/mnt/data/crm_pipe_api_003_work/crm-release
startedAt=2026-09-01T15:15:22.481Z
endedAt=2026-09-01T15:15:22.863Z
status=passed critical=true rc=0 durationMs=382
Repository audit passed: no critical identity, secret, BOM, or manifest findings.

===== Credential-vault configuration check =====
$ /opt/nvm/versions/node/v22.16.0/bin/node scripts/verify-security-config.mjs
cwd=/mnt/data/crm_pipe_api_003_work/crm-release
startedAt=2026-09-01T15:15:22.863Z
endedAt=2026-09-01T15:15:22.889Z
status=passed critical=true rc=0 durationMs=26
Credential vault configuration is optional in this non-production verification context.

===== Tenant-boundary regression ratchet =====
$ /opt/nvm/versions/node/v22.16.0/bin/node scripts/audit-tenant-boundaries.mjs --check
cwd=/mnt/data/crm_pipe_api_003_work/crm-release
startedAt=2026-09-01T15:15:22.889Z
endedAt=2026-09-01T15:15:24.248Z
status=passed critical=true rc=0 durationMs=1359
Tenant boundary ratchet passed. Current findings: 15; new findings: 0.

===== Prior governed-action migration structural regression =====
$ /opt/nvm/versions/node/v22.16.0/bin/node tools/release/verify-legacy-agent-action-migration.mjs
cwd=/mnt/data/crm_pipe_api_003_work/crm-release
startedAt=2026-09-01T15:15:24.248Z
endedAt=2026-09-01T15:15:24.369Z
status=passed critical=true rc=0 durationMs=121
{"ok":true,"requiredFiles":21,"blockingBoundaryFindings":0,"legacyMigrationFindings":0,"nextScopeId":"CRM-PIPE-API-003"}

===== Git patch whitespace check =====
$ git diff --check
cwd=/mnt/data/crm_pipe_api_003_work/crm-release
startedAt=2026-09-01T15:15:24.369Z
endedAt=2026-09-01T15:15:24.380Z
status=passed critical=true rc=0 durationMs=11

===== Bun availability =====
$ bun --version
cwd=/mnt/data/crm_pipe_api_003_work/crm-release
startedAt=2026-09-01T15:15:24.381Z
endedAt=2026-09-01T15:15:24.382Z
status=not_available critical=false rc=null durationMs=1
reason=bun is not installed in the verification environment

===== Full Bun-backed formatter/lint/typecheck/test/build =====
$ <not executed>
cwd=/mnt/data/crm_pipe_api_003_work/crm-release
startedAt=2026-09-01T15:15:24.382Z
endedAt=2026-09-01T15:15:24.382Z
status=not_available critical=false rc=null durationMs=0
reason=Not executed because Bun availability is not_available and installed dependency binaries are absent

===== Isolated PostgreSQL migration, locking and concurrency verification =====
$ <not executed>
cwd=/mnt/data/crm_pipe_api_003_work/crm-release
startedAt=2026-09-01T15:15:24.382Z
endedAt=2026-09-01T15:15:24.382Z
status=blocked_external critical=false rc=null durationMs=0
reason=TEST_DATABASE_URL was not provided; verification must never fall back to DATABASE_URL

===== Authenticated staging tRPC and browser E2E =====
$ <not executed>
cwd=/mnt/data/crm_pipe_api_003_work/crm-release
startedAt=2026-09-01T15:15:24.382Z
endedAt=2026-09-01T15:15:24.382Z
status=blocked_external critical=false rc=null durationMs=0
reason=A deployed API/application, authenticated workspace fixtures and an isolated staging database are required

