$ turbo run check-types
• turbo 2.10.8

   • Packages in scope: @crm/action-registry, @crm/agent-action-runtime, @crm/auth, @crm/db, @crm/env, @crm/integration-runtime, @crm/migration-core, @crm/migration-runtime, @crm/pipeline-core, @crm/pipeline-runtime, @crm/security-core, @crm/telemetry, @crm/typescript-config, @crm/ui, @crm/validation, agent, api, app
   • Running check-types in 18 packages
   • Remote caching disabled

@crm/db:build: cache miss, executing 9956ed206381001d
app:typegen: cache miss, executing 207ddfbc3971b813
@crm/env:check-types: cache miss, executing b6e0f8d5edf3a4f1
@crm/db:build: $ prisma generate
app:typegen: $ next typegen
@crm/env:check-types: $ tsc --noEmit
@crm/db:build: Loaded Prisma config from prisma.config.ts.
@crm/db:build:
@crm/db:build: Prisma schema loaded from prisma\schema.prisma.
app:typegen: Generating route types...
app:typegen: ✓ Types generated successfully
@crm/db:build:
@crm/db:build: ✔ Generated Prisma Client (7.9.1) to .\src\generated\prisma in 504ms
@crm/db:build:
@crm/ui:check-types: cache miss, executing 2a39645e0075ca5b
@crm/telemetry:check-types: cache miss, executing 17eb83ac296c945d
@crm/db:check-types: cache miss, executing 3bc0a227660e6866
@crm/validation:check-types: cache miss, executing 70a1954783e7d699
@crm/auth:check-types: cache miss, executing 904e836df21397b8
agent:check-types: cache miss, executing 015de4333d41db9b
api:build: cache miss, executing 6767d1467ca58942
api:trpc:generate: cache miss, executing bc0e9c2d7ef1a504
@crm/ui:check-types: $ tsc --noEmit
@crm/telemetry:check-types: $ tsc --noEmit
@crm/db:check-types: $ tsc --noEmit
@crm/validation:check-types: $ tsc --noEmit
@crm/auth:check-types: $ tsc --noEmit
agent:check-types: $ tsc --noEmit
api:build: $ bun build src/main.ts --target=bun --outdir dist --packages=external --sourcemap
api:trpc:generate: $ nestjs-trpc generate -e src/app.module.ts -r "**/*.router.ts" -o src/generated
api:build: Bundled 208 modules in 199ms
api:build:
api:build:   main.js      0.86 MB  (entry point)
api:build:   main.js.map  1.52 MB  (source map)
api:build:
app:check-types: cache miss, executing 2097565baffac402
app:check-types: $ tsc --noEmit
api:trpc:generate: ✓ Generated server.ts successfully!
api:trpc:generate:
api:trpc:generate:   Output:     C:\Users\sam4k\Downloads\AgenrCRM_OS\crm-release\apps\api\src/generated\server.ts
api:trpc:generate:   Routers:    24
api:trpc:generate:   Procedures: 189
api:trpc:generate:
api:check-types: cache miss, executing 68b8a7db892484b8
api:check-types: $ tsc --noEmit

 Tasks:    13 successful, 13 total
Cached:    0 cached, 13 total
  Time:    26.621s
