

Migrate isolated test database
bun run --cwd packages/db db:test
passed
  created tayvero_operations_20261006_test
Datasource "db": PostgreSQL database "tayvero_operations_20261006_test", schema "public" at "127.0.0.1:54361"

66 migrations found in prisma/migrations

Applying migration `20260731150000_init`
Applying migration `20260731160000_remove_organizations`
Applying migration `20260731164536_add_crm_models`
Applying migration `20260731200000_add_google_sync`
Applying migration `20260731210000_forward_only_sync`
Applying migration `20260731220000_denormalise_last_activity`
Applying migration `20260731230000_logo_dark_mode`
Applying migration `20260801000000_contact_avatar`
Applying migration `20260801120000_contact_summary_and_socials`
Applying migration `20260801130000_contact_socials_checked`
Applying migration `20260801140000_contact_intelligence`
Applying migration `20260801160000_agent_conversations`
Applying migration `20260801170000_conversations_on_deals`
Applying migration `20260801180000_task_timeline_position`
Applying migration `20260801190000_agent_task_attempts`
Applying migration `20260802120000_app_settings`
Applying migration `20260803151440_add_workspace_organization`
Applying migration `20260803160044_add_sso_provider`
Applying migration `20260803162518_workspace_profile`
Applying migration `20260803190000_workspace_onboarded_metadata`
Applying migration `20260803200000_blank_website_is_not_onboarded`
Applying migration `20260803210000_agent_builder_foundation`
Applying migration `20260803210000_suppressed_contact`
Applying migration `20260803220000_context_dev_api_key`
Applying migration `20260804160000_agent_conversation_command_type`
Applying migration `20260804210000_agent_builder_artifacts`
Applying migration `20260805120000_deal_description`
Applying migration `20260805130000_builder_submission_concurrency`
Applying migration `20260805130000_multi_currency`
Applying migration `20260805140000_single_active_conversation_share`
Applying migration `20260805150000_deal_base_currency`
Applying migration `20260805160000_telemetry_install`
Applying migration `20260805220000_conversation_attachments`
Applying migration `20260806140000_dynamic_fields`
Applying migration `20260806150000_field_value_record_indexes_and_user_fk`
Applying migration `20260806160000_agent_version_model_context_window`
Applying migration `20260807120000_outlook_mail`
Applying migration `20260809120000_slack_member_matches`
Applying migration `20260810090000_agent_conversation_pending_input`
Applying migration `20260810100000_agent_task_deal_events`
Applying migration `20260810110000_agent_event_conversation`
Applying migration `20260810111000_canonical_builder_tokens`
Applying migration `20260810120000_plural_agent_triggers`
Applying migration `20260810120000_website_tracking`
Applying migration `20260810130000_drop_unused_slack_unmatched`
Applying migration `20260810130000_tracking_hardening`
Applying migration `20260810140000_source_attribution`
Applying migration `20260811050330_slack_workspace_grant`
Applying migration `20260811212311_slack_install_cancel_delivery_task_subject`
Applying migration `20260820150251_archive_crm_records`
Applying migration `20260820150700_list_building_fields`
Applying migration `20260820152910_add_api_keys`
Applying migration `20260820154345_saved_views`
Applying migration `20260820154825_field_show_on_filter`
Applying migration `20260820160000_backfill_seniority_function`
Applying migration `20260820161500_archive_scoped_uniqueness`
Applying migration `20260831190000_configurable_pipeline_and_migration_center`
Applying migration `20260831190000_governed_action_execution`
Applying migration `20260901150000_pipeline_api_runtime`
Applying migration `20260905120000_deal_stage_dual_write_bridge`
Applying migration `20260905133000_migration_runtime_durability`
Applying migration `20260914090000_migration_source_and_receipts`
Applying migration `20260914100000_bound_action_approvals`
Applying migration `20260915100000_approval_continuation`
Applying migration `20260918090000_migration_source_lifecycle`
Applying migration `20260918091000_background_import`

The following migration(s) have been applied:

migrations/
  └─ 20260731150000_init/
    └─ migration.sql
  └─ 20260731160000_remove_organizations/
    └─ migration.sql
  └─ 20260731164536_add_crm_models/
    └─ migration.sql
  └─ 20260731200000_add_google_sync/
    └─ migration.sql
  └─ 20260731210000_forward_only_sync/
    └─ migration.sql
  └─ 20260731220000_denormalise_last_activity/
    └─ migration.sql
  └─ 20260731230000_logo_dark_mode/
    └─ migration.sql
  └─ 20260801000000_contact_avatar/
    └─ migration.sql
  └─ 20260801120000_contact_summary_and_socials/
    └─ migration.sql
  └─ 20260801130000_contact_socials_checked/
    └─ migration.sql
  └─ 20260801140000_contact_intelligence/
    └─ migration.sql
  └─ 20260801160000_agent_conversations/
    └─ migration.sql
  └─ 20260801170000_conversations_on_deals/
    └─ migration.sql
  └─ 20260801180000_task_timeline_position/
    └─ migration.sql
  └─ 20260801190000_agent_task_attempts/
    └─ migration.sql
  └─ 20260802120000_app_settings/
    └─ migration.sql
  └─ 20260803151440_add_workspace_organization/
    └─ migration.sql
  └─ 20260803160044_add_sso_provider/
    └─ migration.sql
  └─ 20260803162518_workspace_profile/
    └─ migration.sql
  └─ 20260803190000_workspace_onboarded_metadata/
    └─ migration.sql
  └─ 20260803200000_blank_website_is_not_onboarded/
    └─ migration.sql
  └─ 20260803210000_agent_builder_foundation/
    └─ migration.sql
  └─ 20260803210000_suppressed_contact/
    └─ migration.sql
  └─ 20260803220000_context_dev_api_key/
    └─ migration.sql
  └─ 20260804160000_agent_conversation_command_type/
    └─ migration.sql
  └─ 20260804210000_agent_builder_artifacts/
    └─ migration.sql
  └─ 20260805120000_deal_description/
    └─ migration.sql
  └─ 20260805130000_builder_submission_concurrency/
    └─ migration.sql
  └─ 20260805130000_multi_currency/
    └─ migration.sql
  └─ 20260805140000_single_active_conversation_share/
    └─ migration.sql
  └─ 20260805150000_deal_base_currency/
    └─ migration.sql
  └─ 20260805160000_telemetry_install/
    └─ migration.sql
  └─ 20260805220000_conversation_attachments/
    └─ migration.sql
  └─ 20260806140000_dynamic_fields/
    └─ migration.sql
  └─ 20260806150000_field_value_record_indexes_and_user_fk/
    └─ migration.sql
  └─ 20260806160000_agent_version_model_context_window/
    └─ migration.sql
  └─ 20260807120000_outlook_mail/
    └─ migration.sql
  └─ 20260809120000_slack_member_matches/
    └─ migration.sql
  └─ 20260810090000_agent_conversation_pending_input/
    └─ migration.sql
  └─ 20260810100000_agent_task_deal_events/
    └─ migration.sql
  └─ 20260810110000_agent_event_conversation/
    └─ migration.sql
  └─ 20260810111000_canonical_builder_tokens/
    └─ migration.sql
  └─ 20260810120000_plural_agent_triggers/
    └─ migration.sql
  └─ 20260810120000_website_tracking/
    └─ migration.sql
  └─ 20260810130000_drop_unused_slack_unmatched/
    └─ migration.sql
  └─ 20260810130000_tracking_hardening/
    └─ migration.sql
  └─ 20260810140000_source_attribution/
    └─ migration.sql
  └─ 20260811050330_slack_workspace_grant/
    └─ migration.sql
  └─ 20260811212311_slack_install_cancel_delivery_task_subject/
    └─ migration.sql
  └─ 20260820150251_archive_crm_records/
    └─ migration.sql
  └─ 20260820150700_list_building_fields/
    └─ migration.sql
  └─ 20260820152910_add_api_keys/
    └─ migration.sql
  └─ 20260820154345_saved_views/
    └─ migration.sql
  └─ 20260820154825_field_show_on_filter/
    └─ migration.sql
  └─ 20260820160000_backfill_seniority_function/
    └─ migration.sql
  └─ 20260820161500_archive_scoped_uniqueness/
    └─ migration.sql
  └─ 20260831190000_configurable_pipeline_and_migration_center/
    └─ migration.sql
  └─ 20260831190000_governed_action_execution/
    └─ migration.sql
  └─ 20260901150000_pipeline_api_runtime/
    └─ migration.sql
  └─ 20260905120000_deal_stage_dual_write_bridge/
    └─ migration.sql
  └─ 20260905133000_migration_runtime_durability/
    └─ migration.sql
  └─ 20260914090000_migration_source_and_receipts/
    └─ migration.sql
  └─ 20260914100000_bound_action_approvals/
    └─ migration.sql
  └─ 20260915100000_approval_continuation/
    └─ migration.sql
  └─ 20260918090000_migration_source_lifecycle/
    └─ migration.sql
  └─ 20260918091000_background_import/
    └─ migration.sql

All migrations have been successfully applied.

$ bun scripts/test-db.ts
Loaded Prisma config from prisma.config.ts.

Prisma schema loaded from prisma\schema.prisma.


Generate Prisma
bun run --cwd packages/db db:generate
passed

✔ Generated Prisma Client (7.9.1) to .\src\generated\prisma in 649ms


$ prisma generate
Loaded Prisma config from prisma.config.ts.

Prisma schema loaded from prisma\schema.prisma.


Migration receipts, bound approvals and native-continuation persistence on PostgreSQL
bun test --preload ./apps/api/test/setup.ts apps/api/test/operations-postgres.integration.spec.ts
failed
bun test v1.3.12 (700fc117)


apps\api\test\operations-postgres.integration.spec.ts:
 5 | 		this.code = code;
 6 | 		this.details = Object.freeze({ ...details });
 7 | 	}
 8 | }
 9 | export function fail(code, message, details) {
10 | 	throw new MigrationRuntimeError(code, message, details);
            ^
MigrationRuntimeError: An absolute POSIX storage directory with O_NOFOLLOW support is required
 details: {},
    code: "SOURCE_STORE_CONFIG"

      at fail (C:\Users\sam4k\Downloads\AgenrCRM_OS\crm-release\packages\migration-runtime\src\errors.mjs:10:8)
      at createEncryptedFileSourceStore (C:\Users\sam4k\Downloads\AgenrCRM_OS\crm-release\packages\migration-runtime\src\source-store.mjs:82:3)
      at <anonymous> (C:\Users\sam4k\Downloads\AgenrCRM_OS\crm-release\apps\api\test\operations-postgres.integration.spec.ts:70:16)
(fail) (unnamed)

 0 pass
 1 fail
Ran 1 test across 1 file. [472.00ms]

